#
# A fatal error has been detected by the Java Runtime Environment:
#
#  EXCEPTION_ACCESS_VIOLATION (0xc0000005) at pc=0x00007ff924202dbb, pid=9460, tid=7284
#
# JRE version: Java(TM) SE Runtime Environment (21.0.9+7) (build 21.0.9+7-LTS-338)
# Java VM: Java HotSpot(TM) 64-Bit Server VM (21.0.9+7-LTS-338, mixed mode, sharing, tiered, compressed oops, compressed class ptrs, g1 gc, windows-amd64)
# Problematic frame:
# V  [jvm.dll+0x7d2dbb]
#
# No core dump will be written. Minidumps are not enabled by default on client versions of Windows
#
# If you would like to submit a bug report, please visit:
#   https://bugreport.java.com/bugreport/crash.jsp
#

---------------  S U M M A R Y ------------

Command Line: --enable-native-access=ALL-UNNAMED -Dclassworlds.conf=C:\Users\OS\.m2\wrapper\dists\apache-maven-3.9.12\59fe215c0ad6947fea90184bf7add084544567b927287592651fda3782e0e798\bin\m2.conf -Dmaven.home=C:\Users\OS\.m2\wrapper\dists\apache-maven-3.9.12\59fe215c0ad6947fea90184bf7add084544567b927287592651fda3782e0e798 -Dlibrary.jansi.path=C:\Users\OS\.m2\wrapper\dists\apache-maven-3.9.12\59fe215c0ad6947fea90184bf7add084544567b927287592651fda3782e0e798\lib\jansi-native -Dmaven.multiModuleProjectDirectory=C:\Users\OS\EcoparkBicycleParking org.codehaus.plexus.classworlds.launcher.Launcher clean spring-boot:run

Host: 13th Gen Intel(R) Core(TM) i7-1355U, 12 cores, 15G,  Windows 11 , 64 bit Build 22621 (10.0.22621.5415)
Time: Thu May 28 05:40:20 2026 SE Asia Standard Time elapsed time: 0.051719 seconds (0d 0h 0m 0s)

---------------  T H R E A D  ---------------

Current thread (0x0000029c1897ef10):  JavaThread "main"             [_thread_in_vm, id=7284, stack(0x000000ac65500000,0x000000ac65600000) (1024K)]

Stack: [0x000000ac65500000,0x000000ac65600000],  sp=0x000000ac655fdb90,  free space=1014k
Native frames: (J=compiled Java code, j=interpreted, Vv=VM code, C=native code)
V  [jvm.dll+0x7d2dbb]
V  [jvm.dll+0x7d2d68]
V  [jvm.dll+0x26c99b]
V  [jvm.dll+0x26cbca]
V  [jvm.dll+0x5d1bc1]
V  [jvm.dll+0x5d4204]
V  [jvm.dll+0x3d7d72]
V  [jvm.dll+0x3d7810]
C  0x0000029c2836de51

The last pc belongs to nofast_getfield (printed below).
Java frames: (J=compiled Java code, j=interpreted, Vv=VM code)
j  jdk.internal.loader.URLClassPath$JarLoader.getClassPath()[Ljava/net/URL;+8 java.base@21.0.9
j  jdk.internal.loader.URLClassPath.getLoader(I)Ljdk/internal/loader/URLClassPath$Loader;+88 java.base@21.0.9
j  jdk.internal.loader.URLClassPath.getResource(Ljava/lang/String;Z)Ljdk/internal/loader/Resource;+42 java.base@21.0.9
j  jdk.internal.loader.BuiltinClassLoader.findClassOnClassPathOrNull(Ljava/lang/String;)Ljava/lang/Class;+26 java.base@21.0.9
j  jdk.internal.loader.BuiltinClassLoader.loadClassOrNull(Ljava/lang/String;Z)Ljava/lang/Class;+111 java.base@21.0.9
j  jdk.internal.loader.BuiltinClassLoader.loadClass(Ljava/lang/String;Z)Ljava/lang/Class;+3 java.base@21.0.9
j  jdk.internal.loader.ClassLoaders$AppClassLoader.loadClass(Ljava/lang/String;Z)Ljava/lang/Class;+36 java.base@21.0.9
j  java.lang.ClassLoader.loadClass(Ljava/lang/String;)Ljava/lang/Class;+3 java.base@21.0.9
v  ~StubRoutines::call_stub 0x0000029c2835100d
j  java.lang.Class.forName0(Ljava/lang/String;ZLjava/lang/ClassLoader;Ljava/lang/Class;)Ljava/lang/Class;+0 java.base@21.0.9
j  java.lang.Class.forName(Ljava/lang/String;ZLjava/lang/ClassLoader;Ljava/lang/Class;)Ljava/lang/Class;+37 java.base@21.0.9
j  java.lang.Class.forName(Ljava/lang/String;ZLjava/lang/ClassLoader;)Ljava/lang/Class;+20 java.base@21.0.9
j  sun.launcher.LauncherHelper.loadMainClass(ILjava/lang/String;)Ljava/lang/Class;+95 java.base@21.0.9
j  sun.launcher.LauncherHelper.checkAndLoadMain(ZILjava/lang/String;)Ljava/lang/Class;+42 java.base@21.0.9
v  ~StubRoutines::call_stub 0x0000029c2835100d

siginfo: EXCEPTION_ACCESS_VIOLATION (0xc0000005), reading address 0x0000000000000004


Registers:
RAX=0x0000000000000000, RBX=0x0000000000000000, RCX=0x0000000000000000, RDX=0x0000000000000000
RSP=0x000000ac655fdb90, RBP=0x0000000000000001, RSI=0x0000000000000000, RDI=0x0000029c1897ef10
R8 =0x0000000000000000, R9 =0x0000029c1897ef10, R10=0x0000029c28350000, R11=0x000000ac655fe110
R12=0x0000000000000000, R13=0x0000029c38905500, R14=0x000000ac655fdd18, R15=0x0000000000000000
RIP=0x00007ff924202dbb, EFLAGS=0x0000000000010206


Register to memory mapping:

RAX=0x0 is null
RBX=0x0 is null
RCX=0x0 is null
RDX=0x0 is null
RSP=0x000000ac655fdb90 is pointing into the stack for thread: 0x0000029c1897ef10
RBP=0x0000000000000001 is an unknown value
RSI=0x0 is null
RDI=0x0000029c1897ef10 is a thread
R8 =0x0 is null
R9 =0x0000029c1897ef10 is a thread
R10=0x0000029c28350000 points into unknown readable memory: 0x0000000000000006 | 06 00 00 00 00 00 00 00
R11=0x000000ac655fe110 is pointing into the stack for thread: 0x0000029c1897ef10
R12=0x0 is null
R13=0x0000029c38905500 is pointing into metadata
R14=0x000000ac655fdd18 is pointing into the stack for thread: 0x0000029c1897ef10
R15=0x0 is null

Top of Stack: (sp=0x000000ac655fdb90)
0x000000ac655fdb90:   000000ac655fddb8 000000ac655fded0
0x000000ac655fdba0:   0000029c3890550c 0000000000000001
0x000000ac655fdbb0:   0000029c1897ef10 0000029c1897ef10
0x000000ac655fdbc0:   000000ac655fdd40 00007ff9240031ba
0x000000ac655fdbd0:   0000000000000000 0000029c1897ef10
0x000000ac655fdbe0:   0000029c3801abb0 0000000000000000
0x000000ac655fdbf0:   000000ac655fdc08 000000ac655fdd18
0x000000ac655fdc00:   0000029c38905500 0000029c1897ef10
0x000000ac655fdc10:   0000000000000000 00007ff924202d68
0x000000ac655fdc20:   0000029c384790b8 00007ff923c72e98
0x000000ac655fdc30:   00009066a53513f4 00007ff923c72a8b
0x000000ac655fdc40:   0000000000000000 00007ff923c9c99b
0x000000ac655fdc50:   0000000000000000 0000000000000000
0x000000ac655fdc60:   0000029c1897ef10 00007ff923c72e98
0x000000ac655fdc70:   0000029c1897ef10 00007ff924003330
0x000000ac655fdc80:   0000029c1897ef10 0000029c167312c0
0x000000ac655fdc90:   0000029c167200e0 0000029c16720108
0x000000ac655fdca0:   0000029c167201c8 00000000000000d8
0x000000ac655fdcb0:   000000ac655fe820 00007ff924005e91
0x000000ac655fdcc0:   00000000000000b4 000000ac655fde90
0x000000ac655fdcd0:   0000029c38905500 000000ac655fde80
0x000000ac655fdce0:   0000000000000000 00007ff923c9cbca
0x000000ac655fdcf0:   0000000000000000 000000000000080d
0x000000ac655fdd00:   0000029c1897ef10 0000029c38904400
0x000000ac655fdd10:   0000029c38904400 0000029c38904400
0x000000ac655fdd20:   0000029c1897ef10 0000029c38904400
0x000000ac655fdd30:   000000ac655fddb0 00007ff924001bc1
0x000000ac655fdd40:   000000ac655fde50 0000029c1897ef10
0x000000ac655fdd50:   0000000000000000 0000029c1897ef10
0x000000ac655fdd60:   0000000000000000 00000000000000b4
0x000000ac655fdd70:   0000000000000000 00007ff924004204
0x000000ac655fdd80:   0000029c1897ef10 000000ac655fdf00 

Instructions: (pc=0x00007ff924202dbb)
0x00007ff924202cbb:   52 b1 ff 49 83 7e 08 00 74 02 33 ed 48 8b 44 24
0x00007ff924202ccb:   38 4c 8b a4 24 10 01 00 00 48 85 c0 74 08 48 8b
0x00007ff924202cdb:   c8 e8 cf 0e ff ff 48 8d 4c 24 78 e8 d5 6e ff ff
0x00007ff924202ceb:   48 8d 8c 24 90 00 00 00 e8 c8 c2 bc ff 4c 8b bc
0x00007ff924202cfb:   24 18 01 00 00 48 8b c5 48 8b ac 24 00 01 00 00
0x00007ff924202d0b:   48 81 c4 d0 00 00 00 41 5e 41 5d 5f 5e 5b c3 4c
0x00007ff924202d1b:   8d 0d 0f 9c 27 00 ba 24 00 00 00 4c 8d 05 23 9c
0x00007ff924202d2b:   27 00 48 8d 0d 6c 9c 27 00 e8 b7 bd aa ff cc cc
0x00007ff924202d3b:   cc cc cc cc cc 48 89 5c 24 08 48 89 6c 24 10 48
0x00007ff924202d4b:   89 74 24 18 57 48 83 ec 20 48 8b 7c 24 50 41 0f
0x00007ff924202d5b:   b6 e9 4c 8b cf 48 8b f1 e8 48 00 00 00 48 83 7f
0x00007ff924202d6b:   08 00 48 8b d8 75 05 48 85 c0 75 1c 4c 8b c7 40
0x00007ff924202d7b:   0f b6 d5 48 8b ce e8 ca dd ff ff 33 c0 48 39 47
0x00007ff924202d8b:   08 48 0f 45 d8 48 8b c3 48 8b 5c 24 30 48 8b 6c
0x00007ff924202d9b:   24 38 48 8b 74 24 40 48 83 c4 20 5f c3 cc cc cc
0x00007ff924202dab:   cc cc cc cc cc 40 53 57 41 55 41 56 48 83 ec 68
0x00007ff924202dbb:   66 83 79 04 01 4d 8b e9 49 8b d8 48 8b fa 4c 8b
0x00007ff924202dcb:   f1 76 13 80 79 06 5b 75 0d e8 97 27 f7 ff 84 c0
0x00007ff924202ddb:   74 04 b0 01 eb 02 32 c0 48 89 ac 24 98 00 00 00
0x00007ff924202deb:   48 89 b4 24 a0 00 00 00 4c 89 a4 24 a8 00 00 00
0x00007ff924202dfb:   4c 89 7c 24 60 84 c0 0f 84 ee 01 00 00 49 8b b5
0x00007ff924202e0b:   20 03 00 00 48 8d 4c 24 28 45 33 c0 49 8b d6 48
0x00007ff924202e1b:   8b 46 28 48 8b 6e 10 4c 8b 7e 18 4c 8b 66 20 48
0x00007ff924202e2b:   89 44 24 20 e8 cc 1c f7 ff 8b 44 24 40 45 33 f6
0x00007ff924202e3b:   83 f8 0d 74 0d 45 8b ce 44 89 b4 24 90 00 00 00
0x00007ff924202e4b:   eb 18 48 8d 4c 24 28 e8 39 2b f7 ff 44 8b c8 89
0x00007ff924202e5b:   84 24 90 00 00 00 8b 44 24 40 48 63 54 24 30 48
0x00007ff924202e6b:   8b 4c 24 28 80 7c 0a 06 4c 0f 85 d6 00 00 00 48
0x00007ff924202e7b:   8d 4c 24 28 e8 5c 25 f7 ff 4d 8b cd 4c 8b c3 48
0x00007ff924202e8b:   8b d7 48 8b c8 e8 ab f8 ff ff 48 8b d8 4d 39 75
0x00007ff924202e9b:   08 74 43 48 8d 4c 24 28 e8 a8 1c f7 ff 4c 39 75
0x00007ff924202eab:   00 74 15 48 8b 54 24 20 48 8b ce e8 c5 27 8f ff 


Stack slot to memory mapping:

stack at sp + 0 slots: 0x000000ac655fddb8 is pointing into the stack for thread: 0x0000029c1897ef10
stack at sp + 1 slots: 0x000000ac655fded0 is pointing into the stack for thread: 0x0000029c1897ef10
stack at sp + 2 slots: 0x0000029c3890550c is pointing into metadata
stack at sp + 3 slots: 0x0000000000000001 is an unknown value
stack at sp + 4 slots: 0x0000029c1897ef10 is a thread
stack at sp + 5 slots: 0x0000029c1897ef10 is a thread
stack at sp + 6 slots: 0x000000ac655fdd40 is pointing into the stack for thread: 0x0000029c1897ef10
stack at sp + 7 slots: 0x00007ff9240031ba jvm.dll

nofast_getfield  234 nofast_getfield  [0x0000029c2836dda0, 0x0000029c2836df98]  504 bytes
[MachCode]
  0x0000029c2836dda0: 4883 ec08 | c5fa 1104 | 24eb 1f48 | 83ec 10c5 | fb11 0424 | eb14 4883 | ec10 4889 | 0424 48c7 
  0x0000029c2836ddc0: 4424 0800 | 0000 00eb | 0150 410f | b755 0148 | 8b4d d0c1 | e202 8b5c | d138 c1eb | 1081 e3ff 
  0x0000029c2836dde0: 0000 0081 | fbb4 0000 | 000f 84b4 | 0000 00bb | b400 0000 | e805 0000 | 00e9 9900 | 0000 488b 
  0x0000029c2836de00: d348 8d44 | 2408 4c89 | 6dc0 498b | cfc5 f877 | 4989 afb0 | 0300 0049 | 8987 a003 | 0000 4883 
  0x0000029c2836de20: ec20 40f6 | c40f 0f84 | 1900 0000 | 4883 ec08 | 48b8 b077 | e023 f97f | 0000 ffd0 | 4883 c408 
  0x0000029c2836de40: e90c 0000 | 0048 b8b0 | 77e0 23f9 | 7f00 00ff | d048 83c4 | 2049 c787 | a003 0000 | 0000 0000 
  0x0000029c2836de60: 49c7 87b0 | 0300 0000 | 0000 0049 | c787 a803 | 0000 0000 | 0000 c5f8 | 7749 837f | 0800 0f84 
  0x0000029c2836de80: 0500 0000 | e977 30fe | ff4c 8b6d | c04c 8b75 | c84e 8d74 | f500 c341 | 0fb7 5501 | 488b 4dd0 
  0x0000029c2836dea0: c1e2 0248 | 8b5c d148 | 8b44 d150 | 4159 493b | 01c1 e81c | 83e0 0f0f | 850b 0000 | 0041 0fbe 
  0x0000029c2836dec0: 0419 50e9 | b500 0000 | 83f8 010f | 850b 0000 | 0041 0fb6 | 0419 50e9 | a100 0000 | 83f8 080f 
  0x0000029c2836dee0: 850e 0000 | 0041 8b04 | 1948 c1e0 | 0350 e98a | 0000 0083 | f804 0f85 | 0a00 0000 | 418b 0419 
  0x0000029c2836df00: 50e9 7700 | 0000 83f8 | 020f 850b | 0000 0041 | 0fb7 0419 | 50e9 6300 | 0000 83f8 | 030f 850b 
  0x0000029c2836df20: 0000 0041 | 0fbf 0419 | 50e9 4f00 | 0000 83f8 | 050f 851a | 0000 0049 | 8b04 1948 | 83ec 1048 
  0x0000029c2836df40: 8904 2448 | c744 2408 | 0000 0000 | e92c 0000 | 0083 f806 | 0f85 1400 | 0000 c4c1 | 7a10 0419 
  0x0000029c2836df60: 4883 ec08 | c5fa 1104 | 24e9 0f00 | 0000 c4c1 | 7b10 0419 | 4883 ec10 | c5fb 1104 | 2441 0fb6 
  0x0000029c2836df80: 5d03 4983 | c503 49ba | 8053 6824 | f97f 0000 | 41ff 24da | 0f1f 4000 
[/MachCode]

---------------  P R O C E S S  ---------------

Threads class SMR info:
_java_thread_list=0x0000029c7d126cd0, length=11, elements={
0x0000029c1897ef10, 0x0000029c37e22ad0, 0x0000029c37e237f0, 0x0000029c37e255c0,
0x0000029c37e29040, 0x0000029c37e29bd0, 0x0000029c37e2a760, 0x0000029c37e2b6a0,
0x0000029c37e393c0, 0x0000029c7d129cb0, 0x0000029c7d12e360
}

Java Threads: ( => current thread )
=>0x0000029c1897ef10 JavaThread "main"                              [_thread_in_vm, id=7284, stack(0x000000ac65500000,0x000000ac65600000) (1024K)]
  0x0000029c37e22ad0 JavaThread "Reference Handler"          daemon [_thread_blocked, id=13952, stack(0x000000ac65d00000,0x000000ac65e00000) (1024K)]
  0x0000029c37e237f0 JavaThread "Finalizer"                  daemon [_thread_blocked, id=2240, stack(0x000000ac65e00000,0x000000ac65f00000) (1024K)]
  0x0000029c37e255c0 JavaThread "Signal Dispatcher"          daemon [_thread_blocked, id=11336, stack(0x000000ac65f00000,0x000000ac66000000) (1024K)]
  0x0000029c37e29040 JavaThread "Attach Listener"            daemon [_thread_blocked, id=5956, stack(0x000000ac66000000,0x000000ac66100000) (1024K)]
  0x0000029c37e29bd0 JavaThread "Service Thread"             daemon [_thread_blocked, id=11308, stack(0x000000ac66100000,0x000000ac66200000) (1024K)]
  0x0000029c37e2a760 JavaThread "Monitor Deflation Thread"   daemon [_thread_blocked, id=12092, stack(0x000000ac66200000,0x000000ac66300000) (1024K)]
  0x0000029c37e2b6a0 JavaThread "C2 CompilerThread0"         daemon [_thread_blocked, id=12500, stack(0x000000ac66300000,0x000000ac66400000) (1024K)]
  0x0000029c37e393c0 JavaThread "C1 CompilerThread0"         daemon [_thread_blocked, id=9176, stack(0x000000ac66400000,0x000000ac66500000) (1024K)]
  0x0000029c7d129cb0 JavaThread "Notification Thread"        daemon [_thread_blocked, id=4540, stack(0x000000ac66500000,0x000000ac66600000) (1024K)]
  0x0000029c7d12e360 JavaThread "Common-Cleaner"             daemon [_thread_blocked, id=996, stack(0x000000ac66600000,0x000000ac66700000) (1024K)]
Total: 11

Other Threads:
  0x0000029c37e0a2a0 VMThread "VM Thread"                           [id=10868, stack(0x000000ac65c00000,0x000000ac65d00000) (1024K)]
  0x0000029c37df6e50 WatcherThread "VM Periodic Task Thread"        [id=9376, stack(0x000000ac65b00000,0x000000ac65c00000) (1024K)]
  0x0000029c189e0d50 WorkerThread "GC Thread#0"                     [id=9912, stack(0x000000ac65600000,0x000000ac65700000) (1024K)]
  0x0000029c189f15d0 ConcurrentGCThread "G1 Main Marker"            [id=11680, stack(0x000000ac65700000,0x000000ac65800000) (1024K)]
  0x0000029c189f1ef0 WorkerThread "G1 Conc#0"                       [id=9296, stack(0x000000ac65800000,0x000000ac65900000) (1024K)]
  0x0000029c37cc95d0 ConcurrentGCThread "G1 Refine#0"               [id=13444, stack(0x000000ac65900000,0x000000ac65a00000) (1024K)]
  0x0000029c37cc9e00 ConcurrentGCThread "G1 Service"                [id=11064, stack(0x000000ac65a00000,0x000000ac65b00000) (1024K)]
Total: 7

Threads with active compile tasks:
Total: 0

VM state: not at safepoint (normal execution)

VM Mutex/Monitor currently owned by a thread: None

Heap address: 0x0000000705800000, size: 4008 MB, Compressed Oops mode: Zero based, Oop shift amount: 3

CDS archive(s) mapped at: [0x0000029c38000000-0x0000029c38c90000-0x0000029c38c90000), size 13172736, SharedBaseAddress: 0x0000029c38000000, ArchiveRelocationMode: 1.
Compressed class space mapped at: 0x0000029c39000000-0x0000029c79000000, reserved size: 1073741824
Narrow klass base: 0x0000029c38000000, Narrow klass shift: 0, Narrow klass range: 0x100000000

GC Precious Log:
 CardTable entry size: 512
 Card Set container configuration: InlinePtr #cards 4 size 8 Array Of Cards #cards 16 size 48 Howl #buckets 8 coarsen threshold 3686 Howl Bitmap #cards 512 size 80 coarsen threshold 460 Card regions per heap region 1 cards per card region 4096
 CPUs: 12 total, 12 available
 Memory: 16027M
 Large Page Support: Disabled
 NUMA Support: Disabled
 Compressed Oops: Enabled (Zero based)
 Heap Region Size: 2M
 Heap Min Capacity: 8M
 Heap Initial Capacity: 252M
 Heap Max Capacity: 4008M
 Pre-touch: Disabled
 Parallel Workers: 10
 Concurrent Workers: 3
 Concurrent Refinement Workers: 10
 Periodic GC: Disabled

Heap:
 garbage-first heap   total 258048K, used 2048K [0x0000000705800000, 0x0000000800000000)
  region size 2048K, 2 young (4096K), 0 survivors (0K)
 Metaspace       used 156K, committed 256K, reserved 1114112K
  class space    used 7K, committed 64K, reserved 1048576K

Heap Regions: E=young(eden), S=young(survivor), O=old, HS=humongous(starts), HC=humongous(continues), CS=collection set, F=free, TAMS=top-at-mark-start, PB=parsable bottom
|   0|0x0000000705800000, 0x0000000705800000, 0x0000000705a00000|  0%| F|  |TAMS 0x0000000705800000| PB 0x0000000705800000| Untracked 
|   1|0x0000000705a00000, 0x0000000705a00000, 0x0000000705c00000|  0%| F|  |TAMS 0x0000000705a00000| PB 0x0000000705a00000| Untracked 
|   2|0x0000000705c00000, 0x0000000705c00000, 0x0000000705e00000|  0%| F|  |TAMS 0x0000000705c00000| PB 0x0000000705c00000| Untracked 
|   3|0x0000000705e00000, 0x0000000705e00000, 0x0000000706000000|  0%| F|  |TAMS 0x0000000705e00000| PB 0x0000000705e00000| Untracked 
|   4|0x0000000706000000, 0x0000000706000000, 0x0000000706200000|  0%| F|  |TAMS 0x0000000706000000| PB 0x0000000706000000| Untracked 
|   5|0x0000000706200000, 0x0000000706200000, 0x0000000706400000|  0%| F|  |TAMS 0x0000000706200000| PB 0x0000000706200000| Untracked 
|   6|0x0000000706400000, 0x0000000706400000, 0x0000000706600000|  0%| F|  |TAMS 0x0000000706400000| PB 0x0000000706400000| Untracked 
|   7|0x0000000706600000, 0x0000000706600000, 0x0000000706800000|  0%| F|  |TAMS 0x0000000706600000| PB 0x0000000706600000| Untracked 
|   8|0x0000000706800000, 0x0000000706800000, 0x0000000706a00000|  0%| F|  |TAMS 0x0000000706800000| PB 0x0000000706800000| Untracked 
|   9|0x0000000706a00000, 0x0000000706a00000, 0x0000000706c00000|  0%| F|  |TAMS 0x0000000706a00000| PB 0x0000000706a00000| Untracked 
|  10|0x0000000706c00000, 0x0000000706c00000, 0x0000000706e00000|  0%| F|  |TAMS 0x0000000706c00000| PB 0x0000000706c00000| Untracked 
|  11|0x0000000706e00000, 0x0000000706e00000, 0x0000000707000000|  0%| F|  |TAMS 0x0000000706e00000| PB 0x0000000706e00000| Untracked 
|  12|0x0000000707000000, 0x0000000707000000, 0x0000000707200000|  0%| F|  |TAMS 0x0000000707000000| PB 0x0000000707000000| Untracked 
|  13|0x0000000707200000, 0x0000000707200000, 0x0000000707400000|  0%| F|  |TAMS 0x0000000707200000| PB 0x0000000707200000| Untracked 
|  14|0x0000000707400000, 0x0000000707400000, 0x0000000707600000|  0%| F|  |TAMS 0x0000000707400000| PB 0x0000000707400000| Untracked 
|  15|0x0000000707600000, 0x0000000707600000, 0x0000000707800000|  0%| F|  |TAMS 0x0000000707600000| PB 0x0000000707600000| Untracked 
|  16|0x0000000707800000, 0x0000000707800000, 0x0000000707a00000|  0%| F|  |TAMS 0x0000000707800000| PB 0x0000000707800000| Untracked 
|  17|0x0000000707a00000, 0x0000000707a00000, 0x0000000707c00000|  0%| F|  |TAMS 0x0000000707a00000| PB 0x0000000707a00000| Untracked 
|  18|0x0000000707c00000, 0x0000000707c00000, 0x0000000707e00000|  0%| F|  |TAMS 0x0000000707c00000| PB 0x0000000707c00000| Untracked 
|  19|0x0000000707e00000, 0x0000000707e00000, 0x0000000708000000|  0%| F|  |TAMS 0x0000000707e00000| PB 0x0000000707e00000| Untracked 
|  20|0x0000000708000000, 0x0000000708000000, 0x0000000708200000|  0%| F|  |TAMS 0x0000000708000000| PB 0x0000000708000000| Untracked 
|  21|0x0000000708200000, 0x0000000708200000, 0x0000000708400000|  0%| F|  |TAMS 0x0000000708200000| PB 0x0000000708200000| Untracked 
|  22|0x0000000708400000, 0x0000000708400000, 0x0000000708600000|  0%| F|  |TAMS 0x0000000708400000| PB 0x0000000708400000| Untracked 
|  23|0x0000000708600000, 0x0000000708600000, 0x0000000708800000|  0%| F|  |TAMS 0x0000000708600000| PB 0x0000000708600000| Untracked 
|  24|0x0000000708800000, 0x0000000708800000, 0x0000000708a00000|  0%| F|  |TAMS 0x0000000708800000| PB 0x0000000708800000| Untracked 
|  25|0x0000000708a00000, 0x0000000708a00000, 0x0000000708c00000|  0%| F|  |TAMS 0x0000000708a00000| PB 0x0000000708a00000| Untracked 
|  26|0x0000000708c00000, 0x0000000708c00000, 0x0000000708e00000|  0%| F|  |TAMS 0x0000000708c00000| PB 0x0000000708c00000| Untracked 
|  27|0x0000000708e00000, 0x0000000708e00000, 0x0000000709000000|  0%| F|  |TAMS 0x0000000708e00000| PB 0x0000000708e00000| Untracked 
|  28|0x0000000709000000, 0x0000000709000000, 0x0000000709200000|  0%| F|  |TAMS 0x0000000709000000| PB 0x0000000709000000| Untracked 
|  29|0x0000000709200000, 0x0000000709200000, 0x0000000709400000|  0%| F|  |TAMS 0x0000000709200000| PB 0x0000000709200000| Untracked 
|  30|0x0000000709400000, 0x0000000709400000, 0x0000000709600000|  0%| F|  |TAMS 0x0000000709400000| PB 0x0000000709400000| Untracked 
|  31|0x0000000709600000, 0x0000000709600000, 0x0000000709800000|  0%| F|  |TAMS 0x0000000709600000| PB 0x0000000709600000| Untracked 
|  32|0x0000000709800000, 0x0000000709800000, 0x0000000709a00000|  0%| F|  |TAMS 0x0000000709800000| PB 0x0000000709800000| Untracked 
|  33|0x0000000709a00000, 0x0000000709a00000, 0x0000000709c00000|  0%| F|  |TAMS 0x0000000709a00000| PB 0x0000000709a00000| Untracked 
|  34|0x0000000709c00000, 0x0000000709c00000, 0x0000000709e00000|  0%| F|  |TAMS 0x0000000709c00000| PB 0x0000000709c00000| Untracked 
|  35|0x0000000709e00000, 0x0000000709e00000, 0x000000070a000000|  0%| F|  |TAMS 0x0000000709e00000| PB 0x0000000709e00000| Untracked 
|  36|0x000000070a000000, 0x000000070a000000, 0x000000070a200000|  0%| F|  |TAMS 0x000000070a000000| PB 0x000000070a000000| Untracked 
|  37|0x000000070a200000, 0x000000070a200000, 0x000000070a400000|  0%| F|  |TAMS 0x000000070a200000| PB 0x000000070a200000| Untracked 
|  38|0x000000070a400000, 0x000000070a400000, 0x000000070a600000|  0%| F|  |TAMS 0x000000070a400000| PB 0x000000070a400000| Untracked 
|  39|0x000000070a600000, 0x000000070a600000, 0x000000070a800000|  0%| F|  |TAMS 0x000000070a600000| PB 0x000000070a600000| Untracked 
|  40|0x000000070a800000, 0x000000070a800000, 0x000000070aa00000|  0%| F|  |TAMS 0x000000070a800000| PB 0x000000070a800000| Untracked 
|  41|0x000000070aa00000, 0x000000070aa00000, 0x000000070ac00000|  0%| F|  |TAMS 0x000000070aa00000| PB 0x000000070aa00000| Untracked 
|  42|0x000000070ac00000, 0x000000070ac00000, 0x000000070ae00000|  0%| F|  |TAMS 0x000000070ac00000| PB 0x000000070ac00000| Untracked 
|  43|0x000000070ae00000, 0x000000070ae00000, 0x000000070b000000|  0%| F|  |TAMS 0x000000070ae00000| PB 0x000000070ae00000| Untracked 
|  44|0x000000070b000000, 0x000000070b000000, 0x000000070b200000|  0%| F|  |TAMS 0x000000070b000000| PB 0x000000070b000000| Untracked 
|  45|0x000000070b200000, 0x000000070b200000, 0x000000070b400000|  0%| F|  |TAMS 0x000000070b200000| PB 0x000000070b200000| Untracked 
|  46|0x000000070b400000, 0x000000070b400000, 0x000000070b600000|  0%| F|  |TAMS 0x000000070b400000| PB 0x000000070b400000| Untracked 
|  47|0x000000070b600000, 0x000000070b600000, 0x000000070b800000|  0%| F|  |TAMS 0x000000070b600000| PB 0x000000070b600000| Untracked 
|  48|0x000000070b800000, 0x000000070b800000, 0x000000070ba00000|  0%| F|  |TAMS 0x000000070b800000| PB 0x000000070b800000| Untracked 
|  49|0x000000070ba00000, 0x000000070ba00000, 0x000000070bc00000|  0%| F|  |TAMS 0x000000070ba00000| PB 0x000000070ba00000| Untracked 
|  50|0x000000070bc00000, 0x000000070bc00000, 0x000000070be00000|  0%| F|  |TAMS 0x000000070bc00000| PB 0x000000070bc00000| Untracked 
|  51|0x000000070be00000, 0x000000070be00000, 0x000000070c000000|  0%| F|  |TAMS 0x000000070be00000| PB 0x000000070be00000| Untracked 
|  52|0x000000070c000000, 0x000000070c000000, 0x000000070c200000|  0%| F|  |TAMS 0x000000070c000000| PB 0x000000070c000000| Untracked 
|  53|0x000000070c200000, 0x000000070c200000, 0x000000070c400000|  0%| F|  |TAMS 0x000000070c200000| PB 0x000000070c200000| Untracked 
|  54|0x000000070c400000, 0x000000070c400000, 0x000000070c600000|  0%| F|  |TAMS 0x000000070c400000| PB 0x000000070c400000| Untracked 
|  55|0x000000070c600000, 0x000000070c600000, 0x000000070c800000|  0%| F|  |TAMS 0x000000070c600000| PB 0x000000070c600000| Untracked 
|  56|0x000000070c800000, 0x000000070c800000, 0x000000070ca00000|  0%| F|  |TAMS 0x000000070c800000| PB 0x000000070c800000| Untracked 
|  57|0x000000070ca00000, 0x000000070ca00000, 0x000000070cc00000|  0%| F|  |TAMS 0x000000070ca00000| PB 0x000000070ca00000| Untracked 
|  58|0x000000070cc00000, 0x000000070cc00000, 0x000000070ce00000|  0%| F|  |TAMS 0x000000070cc00000| PB 0x000000070cc00000| Untracked 
|  59|0x000000070ce00000, 0x000000070ce00000, 0x000000070d000000|  0%| F|  |TAMS 0x000000070ce00000| PB 0x000000070ce00000| Untracked 
|  60|0x000000070d000000, 0x000000070d000000, 0x000000070d200000|  0%| F|  |TAMS 0x000000070d000000| PB 0x000000070d000000| Untracked 
|  61|0x000000070d200000, 0x000000070d200000, 0x000000070d400000|  0%| F|  |TAMS 0x000000070d200000| PB 0x000000070d200000| Untracked 
|  62|0x000000070d400000, 0x000000070d400000, 0x000000070d600000|  0%| F|  |TAMS 0x000000070d400000| PB 0x000000070d400000| Untracked 
|  63|0x000000070d600000, 0x000000070d600000, 0x000000070d800000|  0%| F|  |TAMS 0x000000070d600000| PB 0x000000070d600000| Untracked 
|  64|0x000000070d800000, 0x000000070d800000, 0x000000070da00000|  0%| F|  |TAMS 0x000000070d800000| PB 0x000000070d800000| Untracked 
|  65|0x000000070da00000, 0x000000070da00000, 0x000000070dc00000|  0%| F|  |TAMS 0x000000070da00000| PB 0x000000070da00000| Untracked 
|  66|0x000000070dc00000, 0x000000070dc00000, 0x000000070de00000|  0%| F|  |TAMS 0x000000070dc00000| PB 0x000000070dc00000| Untracked 
|  67|0x000000070de00000, 0x000000070de00000, 0x000000070e000000|  0%| F|  |TAMS 0x000000070de00000| PB 0x000000070de00000| Untracked 
|  68|0x000000070e000000, 0x000000070e000000, 0x000000070e200000|  0%| F|  |TAMS 0x000000070e000000| PB 0x000000070e000000| Untracked 
|  69|0x000000070e200000, 0x000000070e200000, 0x000000070e400000|  0%| F|  |TAMS 0x000000070e200000| PB 0x000000070e200000| Untracked 
|  70|0x000000070e400000, 0x000000070e400000, 0x000000070e600000|  0%| F|  |TAMS 0x000000070e400000| PB 0x000000070e400000| Untracked 
|  71|0x000000070e600000, 0x000000070e600000, 0x000000070e800000|  0%| F|  |TAMS 0x000000070e600000| PB 0x000000070e600000| Untracked 
|  72|0x000000070e800000, 0x000000070e800000, 0x000000070ea00000|  0%| F|  |TAMS 0x000000070e800000| PB 0x000000070e800000| Untracked 
|  73|0x000000070ea00000, 0x000000070ea00000, 0x000000070ec00000|  0%| F|  |TAMS 0x000000070ea00000| PB 0x000000070ea00000| Untracked 
|  74|0x000000070ec00000, 0x000000070ec00000, 0x000000070ee00000|  0%| F|  |TAMS 0x000000070ec00000| PB 0x000000070ec00000| Untracked 
|  75|0x000000070ee00000, 0x000000070ee00000, 0x000000070f000000|  0%| F|  |TAMS 0x000000070ee00000| PB 0x000000070ee00000| Untracked 
|  76|0x000000070f000000, 0x000000070f000000, 0x000000070f200000|  0%| F|  |TAMS 0x000000070f000000| PB 0x000000070f000000| Untracked 
|  77|0x000000070f200000, 0x000000070f200000, 0x000000070f400000|  0%| F|  |TAMS 0x000000070f200000| PB 0x000000070f200000| Untracked 
|  78|0x000000070f400000, 0x000000070f400000, 0x000000070f600000|  0%| F|  |TAMS 0x000000070f400000| PB 0x000000070f400000| Untracked 
|  79|0x000000070f600000, 0x000000070f600000, 0x000000070f800000|  0%| F|  |TAMS 0x000000070f600000| PB 0x000000070f600000| Untracked 
|  80|0x000000070f800000, 0x000000070f800000, 0x000000070fa00000|  0%| F|  |TAMS 0x000000070f800000| PB 0x000000070f800000| Untracked 
|  81|0x000000070fa00000, 0x000000070fa00000, 0x000000070fc00000|  0%| F|  |TAMS 0x000000070fa00000| PB 0x000000070fa00000| Untracked 
|  82|0x000000070fc00000, 0x000000070fc00000, 0x000000070fe00000|  0%| F|  |TAMS 0x000000070fc00000| PB 0x000000070fc00000| Untracked 
|  83|0x000000070fe00000, 0x000000070fe00000, 0x0000000710000000|  0%| F|  |TAMS 0x000000070fe00000| PB 0x000000070fe00000| Untracked 
|  84|0x0000000710000000, 0x0000000710000000, 0x0000000710200000|  0%| F|  |TAMS 0x0000000710000000| PB 0x0000000710000000| Untracked 
|  85|0x0000000710200000, 0x0000000710200000, 0x0000000710400000|  0%| F|  |TAMS 0x0000000710200000| PB 0x0000000710200000| Untracked 
|  86|0x0000000710400000, 0x0000000710400000, 0x0000000710600000|  0%| F|  |TAMS 0x0000000710400000| PB 0x0000000710400000| Untracked 
|  87|0x0000000710600000, 0x0000000710600000, 0x0000000710800000|  0%| F|  |TAMS 0x0000000710600000| PB 0x0000000710600000| Untracked 
|  88|0x0000000710800000, 0x0000000710800000, 0x0000000710a00000|  0%| F|  |TAMS 0x0000000710800000| PB 0x0000000710800000| Untracked 
|  89|0x0000000710a00000, 0x0000000710a00000, 0x0000000710c00000|  0%| F|  |TAMS 0x0000000710a00000| PB 0x0000000710a00000| Untracked 
|  90|0x0000000710c00000, 0x0000000710c00000, 0x0000000710e00000|  0%| F|  |TAMS 0x0000000710c00000| PB 0x0000000710c00000| Untracked 
|  91|0x0000000710e00000, 0x0000000710e00000, 0x0000000711000000|  0%| F|  |TAMS 0x0000000710e00000| PB 0x0000000710e00000| Untracked 
|  92|0x0000000711000000, 0x0000000711000000, 0x0000000711200000|  0%| F|  |TAMS 0x0000000711000000| PB 0x0000000711000000| Untracked 
|  93|0x0000000711200000, 0x0000000711200000, 0x0000000711400000|  0%| F|  |TAMS 0x0000000711200000| PB 0x0000000711200000| Untracked 
|  94|0x0000000711400000, 0x0000000711400000, 0x0000000711600000|  0%| F|  |TAMS 0x0000000711400000| PB 0x0000000711400000| Untracked 
|  95|0x0000000711600000, 0x0000000711600000, 0x0000000711800000|  0%| F|  |TAMS 0x0000000711600000| PB 0x0000000711600000| Untracked 
|  96|0x0000000711800000, 0x0000000711800000, 0x0000000711a00000|  0%| F|  |TAMS 0x0000000711800000| PB 0x0000000711800000| Untracked 
|  97|0x0000000711a00000, 0x0000000711a00000, 0x0000000711c00000|  0%| F|  |TAMS 0x0000000711a00000| PB 0x0000000711a00000| Untracked 
|  98|0x0000000711c00000, 0x0000000711c00000, 0x0000000711e00000|  0%| F|  |TAMS 0x0000000711c00000| PB 0x0000000711c00000| Untracked 
|  99|0x0000000711e00000, 0x0000000711e00000, 0x0000000712000000|  0%| F|  |TAMS 0x0000000711e00000| PB 0x0000000711e00000| Untracked 
| 100|0x0000000712000000, 0x0000000712000000, 0x0000000712200000|  0%| F|  |TAMS 0x0000000712000000| PB 0x0000000712000000| Untracked 
| 101|0x0000000712200000, 0x0000000712200000, 0x0000000712400000|  0%| F|  |TAMS 0x0000000712200000| PB 0x0000000712200000| Untracked 
| 102|0x0000000712400000, 0x0000000712400000, 0x0000000712600000|  0%| F|  |TAMS 0x0000000712400000| PB 0x0000000712400000| Untracked 
| 103|0x0000000712600000, 0x0000000712600000, 0x0000000712800000|  0%| F|  |TAMS 0x0000000712600000| PB 0x0000000712600000| Untracked 
| 104|0x0000000712800000, 0x0000000712800000, 0x0000000712a00000|  0%| F|  |TAMS 0x0000000712800000| PB 0x0000000712800000| Untracked 
| 105|0x0000000712a00000, 0x0000000712a00000, 0x0000000712c00000|  0%| F|  |TAMS 0x0000000712a00000| PB 0x0000000712a00000| Untracked 
| 106|0x0000000712c00000, 0x0000000712c00000, 0x0000000712e00000|  0%| F|  |TAMS 0x0000000712c00000| PB 0x0000000712c00000| Untracked 
| 107|0x0000000712e00000, 0x0000000712e00000, 0x0000000713000000|  0%| F|  |TAMS 0x0000000712e00000| PB 0x0000000712e00000| Untracked 
| 108|0x0000000713000000, 0x0000000713000000, 0x0000000713200000|  0%| F|  |TAMS 0x0000000713000000| PB 0x0000000713000000| Untracked 
| 109|0x0000000713200000, 0x0000000713200000, 0x0000000713400000|  0%| F|  |TAMS 0x0000000713200000| PB 0x0000000713200000| Untracked 
| 110|0x0000000713400000, 0x0000000713400000, 0x0000000713600000|  0%| F|  |TAMS 0x0000000713400000| PB 0x0000000713400000| Untracked 
| 111|0x0000000713600000, 0x0000000713600000, 0x0000000713800000|  0%| F|  |TAMS 0x0000000713600000| PB 0x0000000713600000| Untracked 
| 112|0x0000000713800000, 0x0000000713800000, 0x0000000713a00000|  0%| F|  |TAMS 0x0000000713800000| PB 0x0000000713800000| Untracked 
| 113|0x0000000713a00000, 0x0000000713a00000, 0x0000000713c00000|  0%| F|  |TAMS 0x0000000713a00000| PB 0x0000000713a00000| Untracked 
| 114|0x0000000713c00000, 0x0000000713c00000, 0x0000000713e00000|  0%| F|  |TAMS 0x0000000713c00000| PB 0x0000000713c00000| Untracked 
| 115|0x0000000713e00000, 0x0000000713e00000, 0x0000000714000000|  0%| F|  |TAMS 0x0000000713e00000| PB 0x0000000713e00000| Untracked 
| 116|0x0000000714000000, 0x0000000714000000, 0x0000000714200000|  0%| F|  |TAMS 0x0000000714000000| PB 0x0000000714000000| Untracked 
| 117|0x0000000714200000, 0x0000000714200000, 0x0000000714400000|  0%| F|  |TAMS 0x0000000714200000| PB 0x0000000714200000| Untracked 
| 118|0x0000000714400000, 0x0000000714400000, 0x0000000714600000|  0%| F|  |TAMS 0x0000000714400000| PB 0x0000000714400000| Untracked 
| 119|0x0000000714600000, 0x0000000714600000, 0x0000000714800000|  0%| F|  |TAMS 0x0000000714600000| PB 0x0000000714600000| Untracked 
| 120|0x0000000714800000, 0x0000000714800000, 0x0000000714a00000|  0%| F|  |TAMS 0x0000000714800000| PB 0x0000000714800000| Untracked 
| 121|0x0000000714a00000, 0x0000000714a00000, 0x0000000714c00000|  0%| F|  |TAMS 0x0000000714a00000| PB 0x0000000714a00000| Untracked 
| 122|0x0000000714c00000, 0x0000000714c00000, 0x0000000714e00000|  0%| F|  |TAMS 0x0000000714c00000| PB 0x0000000714c00000| Untracked 
| 123|0x0000000714e00000, 0x0000000714e00000, 0x0000000715000000|  0%| F|  |TAMS 0x0000000714e00000| PB 0x0000000714e00000| Untracked 
| 124|0x0000000715000000, 0x0000000715070b00, 0x0000000715200000| 22%| E|  |TAMS 0x0000000715000000| PB 0x0000000715000000| Complete 
| 125|0x0000000715200000, 0x0000000715400000, 0x0000000715400000|100%| E|CS|TAMS 0x0000000715200000| PB 0x0000000715200000| Complete 

Card table byte_map: [0x0000029c30b50000,0x0000029c31330000] _byte_map_base: 0x0000029c2d324000

Marking Bits: (CMBitMap*) 0x0000029c189e1270
 Bits: [0x0000029c31330000, 0x0000029c351d0000)

Polling page: 0x0000029c168b0000

Metaspace:

Usage:
  Non-class:    148.47 KB used.
      Class:      7.77 KB used.
       Both:    156.24 KB used.

Virtual space:
  Non-class space:       64.00 MB reserved,     192.00 KB ( <1%) committed,  1 nodes.
      Class space:        1.00 GB reserved,      64.00 KB ( <1%) committed,  1 nodes.
             Both:        1.06 GB reserved,     256.00 KB ( <1%) committed. 

Chunk freelists:
   Non-Class:  12.00 MB
       Class:  15.75 MB
        Both:  27.75 MB

MaxMetaspaceSize: unlimited
CompressedClassSpaceSize: 1.00 GB
Initial GC threshold: 21.00 MB
Current GC threshold: 21.00 MB
CDS: on
 - commit_granule_bytes: 65536.
 - commit_granule_words: 8192.
 - virtual_space_node_default_size: 8388608.
 - enlarge_chunks_in_place: 1.
 - use_allocation_guard: 0.


Internal statistics:

num_allocs_failed_limit: 0.
num_arena_births: 2.
num_arena_deaths: 0.
num_vsnodes_births: 2.
num_vsnodes_deaths: 0.
num_space_committed: 4.
num_space_uncommitted: 0.
num_chunks_returned_to_freelist: 0.
num_chunks_taken_from_freelist: 3.
num_chunk_merges: 0.
num_chunk_splits: 2.
num_chunks_enlarged: 0.
num_inconsistent_stats: 0.

CodeHeap 'non-profiled nmethods': size=120000Kb used=18Kb max_used=18Kb free=119981Kb
 bounds [0x0000029c288f0000, 0x0000029c28b60000, 0x0000029c2fe20000]
CodeHeap 'profiled nmethods': size=120000Kb used=99Kb max_used=99Kb free=119900Kb
 bounds [0x0000029c20e20000, 0x0000029c21090000, 0x0000029c28350000]
CodeHeap 'non-nmethods': size=5760Kb used=1198Kb max_used=1198Kb free=4561Kb
 bounds [0x0000029c28350000, 0x0000029c285c0000, 0x0000029c288f0000]
 total_blobs=406 nmethods=78 adapters=233
 compilation: enabled
              stopped_count=0, restarted_count=0
 full_count=0

Compilation events (20 events):
Event: 0.030 Thread 0x0000029c37e393c0   69       3       java.lang.StringLatin1::canEncode (13 bytes)
Event: 0.030 Thread 0x0000029c37e393c0 nmethod 69 0x0000029c20e35d90 code [0x0000029c20e35f20, 0x0000029c20e36068]
Event: 0.030 Thread 0x0000029c37e393c0   72       3       java.lang.AbstractStringBuilder::isLatin1 (19 bytes)
Event: 0.030 Thread 0x0000029c37e393c0 nmethod 72 0x0000029c20e36110 code [0x0000029c20e362c0, 0x0000029c20e36438]
Event: 0.030 Thread 0x0000029c37e393c0   71       3       java.lang.StringBuilder::append (8 bytes)
Event: 0.030 Thread 0x0000029c37e393c0 nmethod 71 0x0000029c20e36510 code [0x0000029c20e366c0, 0x0000029c20e36810]
Event: 0.030 Thread 0x0000029c37e393c0   70       3       java.lang.String::isEmpty (14 bytes)
Event: 0.030 Thread 0x0000029c37e393c0 nmethod 70 0x0000029c20e36890 code [0x0000029c20e36a40, 0x0000029c20e36bb0]
Event: 0.031 Thread 0x0000029c37e393c0   73       3       java.lang.StringLatin1::indexOfChar (33 bytes)
Event: 0.031 Thread 0x0000029c37e393c0 nmethod 73 0x0000029c20e36c90 code [0x0000029c20e36e40, 0x0000029c20e37068]
Event: 0.031 Thread 0x0000029c37e393c0   74       3       java.lang.Math::min (11 bytes)
Event: 0.031 Thread 0x0000029c37e393c0 nmethod 74 0x0000029c20e37190 code [0x0000029c20e37320, 0x0000029c20e37460]
Event: 0.031 Thread 0x0000029c37e393c0   75       3       java.lang.Math::max (11 bytes)
Event: 0.031 Thread 0x0000029c37e393c0 nmethod 75 0x0000029c20e37510 code [0x0000029c20e376a0, 0x0000029c20e377e0]
Event: 0.031 Thread 0x0000029c37e393c0   76       3       java.lang.String::indexOf (37 bytes)
Event: 0.031 Thread 0x0000029c37e393c0 nmethod 76 0x0000029c20e37890 code [0x0000029c20e37aa0, 0x0000029c20e37f38]
Event: 0.031 Thread 0x0000029c37e393c0   77       3       java.lang.StringLatin1::indexOf (37 bytes)
Event: 0.031 Thread 0x0000029c37e393c0 nmethod 77 0x0000029c20e38110 code [0x0000029c20e38300, 0x0000029c20e38820]
Event: 0.035 Thread 0x0000029c37e393c0   78       3       java.util.zip.ZipUtils::SH (21 bytes)
Event: 0.035 Thread 0x0000029c37e393c0 nmethod 78 0x0000029c20e38a10 code [0x0000029c20e38bc0, 0x0000029c20e38d08]

GC Heap History (0 events):
No events

Dll operation events (4 events):
Event: 0.004 Loaded shared library C:\Program Files\Java\jdk-21\bin\java.dll
Event: 0.022 Loaded shared library C:\Program Files\Java\jdk-21\bin\jsvml.dll
Event: 0.032 Loaded shared library C:\Program Files\Java\jdk-21\bin\net.dll
Event: 0.033 Loaded shared library C:\Program Files\Java\jdk-21\bin\nio.dll

Deoptimization events (0 events):
No events

Classes loaded (4 events):
Event: 0.020 Loading class sun/nio/cs/IBM437
Event: 0.020 Loading class sun/nio/cs/IBM437 done
Event: 0.020 Loading class sun/nio/cs/IBM437$Holder
Event: 0.020 Loading class sun/nio/cs/IBM437$Holder done

Classes unloaded (0 events):
No events

Classes redefined (0 events):
No events

Internal exceptions (0 events):
No events

ZGC Phase Switch (0 events):
No events

VM Operations (0 events):
No events

Events (11 events):
Event: 0.013 Thread 0x0000029c1897ef10 Thread added: 0x0000029c1897ef10
Event: 0.020 Thread 0x0000029c37e22ad0 Thread added: 0x0000029c37e22ad0
Event: 0.021 Thread 0x0000029c37e237f0 Thread added: 0x0000029c37e237f0
Event: 0.021 Thread 0x0000029c37e255c0 Thread added: 0x0000029c37e255c0
Event: 0.021 Thread 0x0000029c37e29040 Thread added: 0x0000029c37e29040
Event: 0.021 Thread 0x0000029c37e29bd0 Thread added: 0x0000029c37e29bd0
Event: 0.021 Thread 0x0000029c37e2a760 Thread added: 0x0000029c37e2a760
Event: 0.021 Thread 0x0000029c37e2b6a0 Thread added: 0x0000029c37e2b6a0
Event: 0.021 Thread 0x0000029c37e393c0 Thread added: 0x0000029c37e393c0
Event: 0.029 Thread 0x0000029c7d129cb0 Thread added: 0x0000029c7d129cb0
Event: 0.030 Thread 0x0000029c7d12e360 Thread added: 0x0000029c7d12e360


Dynamic libraries:
0x00007ff789e30000 - 0x00007ff789e40000 	C:\Program Files\Java\jdk-21\bin\java.exe
0x00007ff9b1630000 - 0x00007ff9b1848000 	C:\windows\SYSTEM32\ntdll.dll
0x00007ff9b01e0000 - 0x00007ff9b02a4000 	C:\windows\System32\KERNEL32.DLL
0x00007ff9ae970000 - 0x00007ff9aed43000 	C:\windows\System32\KERNELBASE.dll
0x00007ff9af0f0000 - 0x00007ff9af201000 	C:\windows\System32\ucrtbase.dll
0x00007ff97ac40000 - 0x00007ff97ac5b000 	C:\Program Files\Java\jdk-21\bin\VCRUNTIME140.dll
0x00007ff97a9b0000 - 0x00007ff97a9c9000 	C:\Program Files\Java\jdk-21\bin\jli.dll
0x00007ff9b02b0000 - 0x00007ff9b0361000 	C:\windows\System32\ADVAPI32.dll
0x00007ff9b0130000 - 0x00007ff9b01d7000 	C:\windows\System32\msvcrt.dll
0x00007ff9b0080000 - 0x00007ff9b0128000 	C:\windows\System32\sechost.dll
0x00007ff9aef50000 - 0x00007ff9aef78000 	C:\windows\System32\bcrypt.dll
0x00007ff9b1270000 - 0x00007ff9b1388000 	C:\windows\System32\RPCRT4.dll
0x00007ff9b10a0000 - 0x00007ff9b1252000 	C:\windows\System32\USER32.dll
0x00007ff9af210000 - 0x00007ff9af236000 	C:\windows\System32\win32u.dll
0x00007ff9ada30000 - 0x00007ff9adccc000 	C:\windows\WinSxS\amd64_microsoft.windows.common-controls_6595b64144ccf1df_6.0.22621.6060_none_2712eda17382d24b\COMCTL32.dll
0x00007ff9af4f0000 - 0x00007ff9af519000 	C:\windows\System32\GDI32.dll
0x00007ff9ae850000 - 0x00007ff9ae96b000 	C:\windows\System32\gdi32full.dll
0x00007ff9af240000 - 0x00007ff9af2da000 	C:\windows\System32\msvcp_win.dll
0x00007ff9a1240000 - 0x00007ff9a124a000 	C:\windows\SYSTEM32\VERSION.dll
0x00007ff9b0040000 - 0x00007ff9b0071000 	C:\windows\System32\IMM32.DLL
0x00007ff98e6e0000 - 0x00007ff98e6ec000 	C:\Program Files\Java\jdk-21\bin\vcruntime140_1.dll
0x00007ff978e30000 - 0x00007ff978ebe000 	C:\Program Files\Java\jdk-21\bin\msvcp140.dll
0x00007ff923a30000 - 0x00007ff92474d000 	C:\Program Files\Java\jdk-21\bin\server\jvm.dll
0x00007ff9afee0000 - 0x00007ff9aff51000 	C:\windows\System32\WS2_32.dll
0x00007ff9ae620000 - 0x00007ff9ae66d000 	C:\windows\SYSTEM32\POWRPROF.dll
0x00007ff9a4ab0000 - 0x00007ff9a4ae4000 	C:\windows\SYSTEM32\WINMM.dll
0x00007ff9ae600000 - 0x00007ff9ae613000 	C:\windows\SYSTEM32\UMPDC.dll
0x00007ff9ace60000 - 0x00007ff9ace78000 	C:\windows\SYSTEM32\kernel.appcore.dll
0x00007ff9875a0000 - 0x00007ff9875aa000 	C:\Program Files\Java\jdk-21\bin\jimage.dll
0x00007ff9adfc0000 - 0x00007ff9ae1f3000 	C:\windows\SYSTEM32\DBGHELP.DLL
0x00007ff9af660000 - 0x00007ff9af9f1000 	C:\windows\System32\combase.dll
0x00007ff9af520000 - 0x00007ff9af5f8000 	C:\windows\System32\OLEAUT32.dll
0x00007ff9adeb0000 - 0x00007ff9adee2000 	C:\windows\SYSTEM32\dbgcore.DLL
0x00007ff9ae750000 - 0x00007ff9ae7cb000 	C:\windows\System32\bcryptPrimitives.dll
0x00007ff97a6c0000 - 0x00007ff97a6df000 	C:\Program Files\Java\jdk-21\bin\java.dll
0x00007ff9b0800000 - 0x00007ff9b109c000 	C:\windows\System32\SHELL32.dll
0x00007ff9aed50000 - 0x00007ff9aee8f000 	C:\windows\System32\wintypes.dll
0x00007ff9abc20000 - 0x00007ff9ac53a000 	C:\windows\SYSTEM32\windows.storage.dll
0x00007ff9afdd0000 - 0x00007ff9afed4000 	C:\windows\System32\SHCORE.dll
0x00007ff9aff80000 - 0x00007ff9affe9000 	C:\windows\System32\shlwapi.dll
0x00007ff9ae680000 - 0x00007ff9ae6a5000 	C:\windows\SYSTEM32\profapi.dll
0x00007ff978d50000 - 0x00007ff978e27000 	C:\Program Files\Java\jdk-21\bin\jsvml.dll
0x00007ff980340000 - 0x00007ff980350000 	C:\Program Files\Java\jdk-21\bin\net.dll
0x00007ff9a7e30000 - 0x00007ff9a7f5c000 	C:\windows\SYSTEM32\WINHTTP.dll
0x00007ff9ad350000 - 0x00007ff9ad3b9000 	C:\windows\system32\mswsock.dll
0x00007ff97a6a0000 - 0x00007ff97a6b6000 	C:\Program Files\Java\jdk-21\bin\nio.dll

dbghelp: loaded successfully - version: 4.0.5 - missing functions: none
symbol engine: initialized successfully - sym options: 0x614 - pdb path: .;C:\Program Files\Java\jdk-21\bin;C:\windows\SYSTEM32;C:\windows\WinSxS\amd64_microsoft.windows.common-controls_6595b64144ccf1df_6.0.22621.6060_none_2712eda17382d24b;C:\Program Files\Java\jdk-21\bin\server

VM Arguments:
jvm_args: --enable-native-access=ALL-UNNAMED -Dclassworlds.conf=C:\Users\OS\.m2\wrapper\dists\apache-maven-3.9.12\59fe215c0ad6947fea90184bf7add084544567b927287592651fda3782e0e798\bin\m2.conf -Dmaven.home=C:\Users\OS\.m2\wrapper\dists\apache-maven-3.9.12\59fe215c0ad6947fea90184bf7add084544567b927287592651fda3782e0e798 -Dlibrary.jansi.path=C:\Users\OS\.m2\wrapper\dists\apache-maven-3.9.12\59fe215c0ad6947fea90184bf7add084544567b927287592651fda3782e0e798\lib\jansi-native -Dmaven.multiModuleProjectDirectory=C:\Users\OS\EcoparkBicycleParking 
java_command: org.codehaus.plexus.classworlds.launcher.Launcher clean spring-boot:run
java_class_path (initial): C:\Users\OS\.m2\wrapper\dists\apache-maven-3.9.12\59fe215c0ad6947fea90184bf7add084544567b927287592651fda3782e0e798\boot\plexus-classworlds-2.9.0.jar
Launcher Type: SUN_STANDARD

[Global flags]
     intx CICompilerCount                          = 4                                         {product} {ergonomic}
     uint ConcGCThreads                            = 3                                         {product} {ergonomic}
     uint G1ConcRefinementThreads                  = 10                                        {product} {ergonomic}
   size_t G1HeapRegionSize                         = 2097152                                   {product} {ergonomic}
    uintx GCDrainStackTargetSize                   = 64                                        {product} {ergonomic}
   size_t InitialHeapSize                          = 264241152                                 {product} {ergonomic}
   size_t MarkStackSize                            = 4194304                                   {product} {ergonomic}
   size_t MaxHeapSize                              = 4202692608                                {product} {ergonomic}
   size_t MaxNewSize                               = 2520776704                                {product} {ergonomic}
   size_t MinHeapDeltaBytes                        = 2097152                                   {product} {ergonomic}
   size_t MinHeapSize                              = 8388608                                   {product} {ergonomic}
    uintx NonNMethodCodeHeapSize                   = 5839372                                {pd product} {ergonomic}
    uintx NonProfiledCodeHeapSize                  = 122909434                              {pd product} {ergonomic}
    uintx ProfiledCodeHeapSize                     = 122909434                              {pd product} {ergonomic}
    uintx ReservedCodeCacheSize                    = 251658240                              {pd product} {ergonomic}
     bool SegmentedCodeCache                       = true                                      {product} {ergonomic}
   size_t SoftMaxHeapSize                          = 4202692608                             {manageable} {ergonomic}
     bool UseCompressedOops                        = true                           {product lp64_product} {ergonomic}
     bool UseG1GC                                  = true                                      {product} {ergonomic}
     bool UseLargePagesIndividualAllocation        = false                                  {pd product} {ergonomic}

Logging:
Log output configuration:
 #0: stdout all=warning uptime,level,tags foldmultilines=false
 #1: stderr all=off uptime,level,tags foldmultilines=false

Environment Variables:
JAVA_HOME=C:\Program Files\Java\jdk-21
PATH=C:\Program Files\Java\jdk-21\bin;C:\Program Files\Common Files\Oracle\Java\javapath;C:\Program Files (x86)\Common Files\Oracle\Java\java8path;C:\Program Files (x86)\Common Files\Oracle\Java\javapath;C:\Program Files\Eclipse Adoptium\jdk-17.0.12.7-hotspot\bin;C:\windows\system32;C:\windows;C:\windows\System32\Wbem;C:\windows\System32\WindowsPowerShell\v1.0\;C:\windows\System32\OpenSSH\;C:\Program Files\Git\cmd;C:\Program Files\Git\bin;C:\Program Files\Git\cmd;C:\Users\OS\Downloads\apache-maven-3.9.9-bin\apache-maven-3.9.9\bin;C:\Program Files\Cloudflare\Cloudflare WARP\;C:\Program Files\dotnet\;C:\Program Files (x86)\Windows Kits\10\Windows Performance Toolkit\;C:\Program Files\nodejs\;C:\Users\OS\AppData\Local\Programs\Python\Python312\Scripts\;C:\Users\OS\AppData\Local\Programs\Python\Python312\;C:\Users\OS\AppData\Local\Programs\Python\Launcher\;C:\Users\OS\AppData\Local\Microsoft\WindowsApps;C:\Users\OS\AppData\Local\Programs\Microsoft VS Code\bin;C:\Users\OS\AppData\Local\GitHubDesktop\bin;C:\Program Files\Git\cmd;C:\Program Files\Apache\maven\bin;C:\Users\OS\AppData\Roaming\npm
USERNAME=OS
OS=Windows_NT
PROCESSOR_IDENTIFIER=Intel64 Family 6 Model 186 Stepping 3, GenuineIntel
TMP=C:\Users\OS\AppData\Local\Temp
TEMP=C:\Users\OS\AppData\Local\Temp




Periodic native trim disabled

---------------  S Y S T E M  ---------------

OS:
 Windows 11 , 64 bit Build 22621 (10.0.22621.5415)
OS uptime: 0 days 0:24 hours

CPU: total 12 (initial active 12) (6 cores per cpu, 2 threads per core) family 6 model 186 stepping 3 microcode 0x4121, cx8, cmov, fxsr, ht, mmx, 3dnowpref, sse, sse2, sse3, ssse3, sse4.1, sse4.2, popcnt, lzcnt, tsc, tscinvbit, avx, avx2, aes, erms, clmul, bmi1, bmi2, adx, sha, fma, vzeroupper, clflush, clflushopt, clwb, serialize, rdtscp, rdpid, fsrm, f16c, pku, cet_ibt, cet_ss
Processor Information for processor 0
  Max Mhz: 1700, Current Mhz: 1457, Mhz Limit: 1700
Processor Information for processor 1
  Max Mhz: 1700, Current Mhz: 1700, Mhz Limit: 1700
Processor Information for processor 2
  Max Mhz: 1700, Current Mhz: 1700, Mhz Limit: 1700
Processor Information for processor 3
  Max Mhz: 1700, Current Mhz: 1700, Mhz Limit: 1700
Processor Information for processor 4
  Max Mhz: 1700, Current Mhz: 1200, Mhz Limit: 1190
Processor Information for processor 5
  Max Mhz: 1700, Current Mhz: 1200, Mhz Limit: 1190
Processor Information for processor 6
  Max Mhz: 1700, Current Mhz: 1200, Mhz Limit: 1190
Processor Information for processor 7
  Max Mhz: 1700, Current Mhz: 1200, Mhz Limit: 1190
Processor Information for processor 8
  Max Mhz: 1700, Current Mhz: 1200, Mhz Limit: 1190
Processor Information for processor 9
  Max Mhz: 1700, Current Mhz: 1200, Mhz Limit: 1190
Processor Information for processor 10
  Max Mhz: 1700, Current Mhz: 1200, Mhz Limit: 1190
Processor Information for processor 11
  Max Mhz: 1700, Current Mhz: 1200, Mhz Limit: 1190

Memory: 4k page, system-wide physical 16027M (10799M free)
TotalPageFile size 17051M (AvailPageFile size 11106M)
current process WorkingSet (physical memory assigned to process): 35M, peak: 35M
current process commit charge ("private bytes"): 339M, peak: 339M

vm_info: Java HotSpot(TM) 64-Bit Server VM (21.0.9+7-LTS-338) for windows-amd64 JRE (21.0.9+7-LTS-338), built on 2025-09-26T06:33:49Z by "mach5run" with MS VC++ 17.6 (VS2022)

END.
