#
# A fatal error has been detected by the Java Runtime Environment:
#
#  EXCEPTION_ACCESS_VIOLATION (0xc0000005) at pc=0x00007fff77aa66a8, pid=3256, tid=6444
#
# JRE version: Java(TM) SE Runtime Environment (21.0.9+7) (build 21.0.9+7-LTS-338)
# Java VM: Java HotSpot(TM) 64-Bit Server VM (21.0.9+7-LTS-338, mixed mode, sharing, tiered, compressed oops, compressed class ptrs, g1 gc, windows-amd64)
# Problematic frame:
# V  [jvm.dll+0x6566a8]
#
# No core dump will be written. Minidumps are not enabled by default on client versions of Windows
#
# If you would like to submit a bug report, please visit:
#   https://bugreport.java.com/bugreport/crash.jsp
#

---------------  S U M M A R Y ------------

Command Line: --enable-native-access=ALL-UNNAMED -Dclassworlds.conf=C:\Users\OS\.m2\wrapper\dists\apache-maven-3.9.12\59fe215c0ad6947fea90184bf7add084544567b927287592651fda3782e0e798\bin\m2.conf -Dmaven.home=C:\Users\OS\.m2\wrapper\dists\apache-maven-3.9.12\59fe215c0ad6947fea90184bf7add084544567b927287592651fda3782e0e798 -Dlibrary.jansi.path=C:\Users\OS\.m2\wrapper\dists\apache-maven-3.9.12\59fe215c0ad6947fea90184bf7add084544567b927287592651fda3782e0e798\lib\jansi-native -Dmaven.multiModuleProjectDirectory=C:\Users\OS\EcoparkBicycleParking org.codehaus.plexus.classworlds.launcher.Launcher clean spring-boot:run

Host: 13th Gen Intel(R) Core(TM) i7-1355U, 12 cores, 15G,  Windows 11 , 64 bit Build 22621 (10.0.22621.5415)
Time: Thu May 28 20:59:28 2026 SE Asia Standard Time elapsed time: 1.613546 seconds (0d 0h 0m 1s)

---------------  T H R E A D  ---------------

Current thread (0x00000276cbc60ef0):  JavaThread "C2 CompilerThread2" daemon [_thread_in_native, id=6444, stack(0x000000f5ab500000,0x000000f5ab600000) (1024K)]


Current CompileTask:
C2:   1613 4384       4       org.codehaus.plexus.util.xml.Xpp3DomBuilder::build (413 bytes)

Stack: [0x000000f5ab500000,0x000000f5ab600000],  sp=0x000000f5ab5fcc70,  free space=1011k
Native frames: (J=compiled Java code, j=interpreted, Vv=VM code, C=native code)
V  [jvm.dll+0x6566a8]
V  [jvm.dll+0x6568bf]
V  [jvm.dll+0x65c329]
V  [jvm.dll+0x65d326]
V  [jvm.dll+0x65b67d]
V  [jvm.dll+0x2474c5]
V  [jvm.dll+0x246c1f]
V  [jvm.dll+0x1c7a3e]
V  [jvm.dll+0x256329]
V  [jvm.dll+0x2548ba]
V  [jvm.dll+0x3efdee]
V  [jvm.dll+0x80265b]
V  [jvm.dll+0x6ca66d]
C  [ucrtbase.dll+0x29333]
C  [KERNEL32.DLL+0x1259d]
C  [ntdll.dll+0x5af78]


siginfo: EXCEPTION_ACCESS_VIOLATION (0xc0000005), reading address 0x000000000000002c


Registers:
RAX=0x00000276cc163720, RBX=0x0000000000000002, RCX=0x0000000000000000, RDX=0x0000000000000002
RSP=0x000000f5ab5fcc70, RBP=0xffffffffffffffff, RSI=0x0000000000000000, RDI=0x0000000000000010
R8 =0x00000276cbe987f8, R9 =0x0000000000000000, R10=0x0000000000000200, R11=0x00000276cc1e36f0
R12=0x0000000000000004, R13=0x0000000000000001, R14=0x000000f5ab5fce28, R15=0x00000276cc1e36e8
RIP=0x00007fff77aa66a8, EFLAGS=0x0000000000010202


Register to memory mapping:

RAX=0x00000276cc163720 points into unknown readable memory: 0x0000000000000000 | 00 00 00 00 00 00 00 00
RBX=0x0000000000000002 is an unknown value
RCX=0x0 is null
RDX=0x0000000000000002 is an unknown value
RSP=0x000000f5ab5fcc70 is pointing into the stack for thread: 0x00000276cbc60ef0
RBP=0xffffffffffffffff is an unknown value
RSI=0x0 is null
RDI=0x0000000000000010 is an unknown value
R8 =0x00000276cbe987f8 points into unknown readable memory: 0x0000000000000000 | 00 00 00 00 00 00 00 00
R9 =0x0 is null
R10=0x0000000000000200 is an unknown value
R11=0x00000276cc1e36f0 points into unknown readable memory: 0x00000276cc163720 | 20 37 16 cc 76 02 00 00
R12=0x0000000000000004 is an unknown value
R13=0x0000000000000001 is an unknown value
R14=0x000000f5ab5fce28 is pointing into the stack for thread: 0x00000276cbc60ef0
R15=0x00000276cc1e36e8 points into unknown readable memory: 0x00007fff77de0510 | 10 05 de 77 ff 7f 00 00

Top of Stack: (sp=0x000000f5ab5fcc70)
0x000000f5ab5fcc70:   000000f5ab5fcd48 0000000000000000
0x000000f5ab5fcc80:   0000000000000000 00000000000001e4
0x000000f5ab5fcc90:   0000000000007fd8 00007fff77514ebe
0x000000f5ab5fcca0:   0000000400000000 0000000000000008
0x000000f5ab5fccb0:   0000000000000002 0000000000000000
0x000000f5ab5fccc0:   00000276cbe987f8 00000276cc1e3740
0x000000f5ab5fccd0:   000000f5ab5fd270 0000000000000000
0x000000f5ab5fcce0:   00000276cc1e36e8 00007fff77aa68bf
0x000000f5ab5fccf0:   000000f5ab5fd270 0000000000000000
0x000000f5ab5fcd00:   00000276cbe987f8 0000000000000000
0x000000f5ab5fcd10:   000000f5ab5fce28 0000000000000000
0x000000f5ab5fcd20:   0000000300000001 0000000000000010
0x000000f5ab5fcd30:   00000276cb066b90 0000000000000000
0x000000f5ab5fcd40:   0000000000000000 000000f5ab5fd270
0x000000f5ab5fcd50:   00000276cc1e3740 000000f5ab5fd288
0x000000f5ab5fcd60:   0000000000000001 00007fff77aac329
0x000000f5ab5fcd70:   000000f5ab5fd270 00000276cbe98070
0x000000f5ab5fcd80:   00000276cbe98070 0000000000000000
0x000000f5ab5fcd90:   000000f5ab5fce28 00007fff77afa00a
0x000000f5ab5fcda0:   00000000000027d8 00000276cb068c18
0x000000f5ab5fcdb0:   00000276cb069378 00000276cd754650
0x000000f5ab5fcdc0:   0000027600000000 00000276cc1e3740
0x000000f5ab5fcdd0:   0000000000000000 000000f5ab5fd270
0x000000f5ab5fcde0:   0000000000000000 0000000000000000
0x000000f5ab5fcdf0:   fffffffffffffff8 000000f5ab5fce58
0x000000f5ab5fce00:   00000276cc1e3740 00007fff77aad326
0x000000f5ab5fce10:   000002760000fffe 0000027600000116
0x000000f5ab5fce20:   0000000000000001 0000000000000001
0x000000f5ab5fce30:   00000276cc7ffb30 00000276cc858960
0x000000f5ab5fce40:   00000276cc7f9020 00000276cbaa99c0
0x000000f5ab5fce50:   000000f5ab5fe890 0000000000000000
0x000000f5ab5fce60:   0000000000000000 000000f5ab5fd270 

Instructions: (pc=0x00007fff77aa66a8)
0x00007fff77aa65a8:   c4 88 00 00 00 41 5f 41 5e 41 5d 41 5c 5f 5e 5d
0x00007fff77aa65b8:   5b c3 ba 62 03 00 00 48 8d 0d 4a b4 3c 00 e8 e5
0x00007fff77aa65c8:   84 c2 ff cc cc cc cc cc 4c 89 4c 24 20 4c 89 44
0x00007fff77aa65d8:   24 18 48 89 4c 24 08 53 55 41 56 41 57 48 83 ec
0x00007fff77aa65e8:   58 ff 81 40 01 00 00 49 8b e9 48 63 81 40 01 00
0x00007fff77aa65f8:   00 4c 8b fa 48 3b 05 ed ad 56 00 7e 36 48 8b 59
0x00007fff77aa6608:   10 48 8d 15 a0 b4 3c 00 45 33 c0 48 8b 8b 68 01
0x00007fff77aa6618:   00 00 e8 31 3f b9 ff 48 8d 15 8a b4 3c 00 48 8b
0x00007fff77aa6628:   cb e8 72 b4 bf ff 33 c0 48 83 c4 58 41 5f 41 5e
0x00007fff77aa6638:   5d 5b c3 8b 42 18 48 89 b4 24 88 00 00 00 33 f6
0x00007fff77aa6648:   48 89 7c 24 50 4c 89 64 24 48 4c 89 6c 24 40 41
0x00007fff77aa6658:   bd 01 00 00 00 41 8b dd c7 44 24 30 00 00 00 00
0x00007fff77aa6668:   89 44 24 34 3b c3 0f 86 a8 02 00 00 4c 8b b4 24
0x00007fff77aa6678:   a0 00 00 00 48 8d 6e ff 41 bc 08 00 00 00 4c 89
0x00007fff77aa6688:   64 24 38 41 8b fc 44 8b e0 49 8b 07 8b d3 49 8b
0x00007fff77aa6698:   cf ff 50 78 85 c0 74 31 49 8b 47 08 48 8b 0c 07
0x00007fff77aa66a8:   8b 41 2c 83 e0 3f 3c 30 75 1f 48 8b 41 08 48 85
0x00007fff77aa66b8:   f6 75 0e 48 8b 70 08 4d 39 2e 75 0d 49 89 36 eb
0x00007fff77aa66c8:   08 48 3b 70 08 48 0f 45 f5 ff c3 48 83 c7 08 41
0x00007fff77aa66d8:   3b dc 72 b5 48 8b ac 24 98 00 00 00 4c 8b b4 24
0x00007fff77aa66e8:   80 00 00 00 4c 8b 64 24 38 49 8b 07 41 8b d5 49
0x00007fff77aa66f8:   8b cf ff 50 78 85 c0 0f 84 00 02 00 00 49 8b 47
0x00007fff77aa6708:   08 49 8d 56 18 b9 88 07 00 00 49 8b 1c 04 e8 f5
0x00007fff77aa6718:   91 a6 ff 48 8b f8 48 85 c0 74 16 48 8d 88 f0 04
0x00007fff77aa6728:   00 00 33 d2 41 b8 78 02 00 00 e8 cb 18 2a 00 eb
0x00007fff77aa6738:   02 33 ff 8b 4c 24 30 33 c0 48 8b 94 24 90 00 00
0x00007fff77aa6748:   00 48 89 bc ca 78 07 00 00 ff c1 48 89 87 78 07
0x00007fff77aa6758:   00 00 48 89 87 80 07 00 00 48 89 9f 70 07 00 00
0x00007fff77aa6768:   89 4c 24 30 8b 4b 28 8b c1 c1 e8 05 41 3b 86 88
0x00007fff77aa6778:   00 00 00 72 05 45 32 e4 eb 16 8b d0 83 e1 1f 49
0x00007fff77aa6788:   8b 86 90 00 00 00 8b 04 90 0f a3 c8 41 0f 92 c4
0x00007fff77aa6798:   48 8b 03 48 8b cb ff 50 28 48 8b c8 48 8b 10 ff 


Stack slot to memory mapping:

stack at sp + 0 slots: 0x000000f5ab5fcd48 is pointing into the stack for thread: 0x00000276cbc60ef0
stack at sp + 1 slots: 0x0 is null
stack at sp + 2 slots: 0x0 is null
stack at sp + 3 slots: 0x00000000000001e4 is an unknown value
stack at sp + 4 slots: 0x0000000000007fd8 is an unknown value
stack at sp + 5 slots: 0x00007fff77514ebe jvm.dll
stack at sp + 6 slots: 0x0000000400000000 is an unknown value
stack at sp + 7 slots: 0x0000000000000008 is an unknown value


---------------  P R O C E S S  ---------------

Threads class SMR info:
_java_thread_list=0x00000276cca3c180, length=14, elements={
0x00000276e68195e0, 0x00000276ffe22f10, 0x00000276ffe23e30, 0x00000276ffe25aa0,
0x00000276ffe29750, 0x00000276ffe2d5e0, 0x00000276ffe2ffc0, 0x00000276ffe38970,
0x00000276ffe3b030, 0x00000276cb161b70, 0x00000276cb15d130, 0x00000276cb5d18c0,
0x00000276cbc60ef0, 0x00000276cc173f20
}

Java Threads: ( => current thread )
  0x00000276e68195e0 JavaThread "main"                              [_thread_in_Java, id=6948, stack(0x000000f5aa200000,0x000000f5aa300000) (1024K)]
  0x00000276ffe22f10 JavaThread "Reference Handler"          daemon [_thread_blocked, id=14048, stack(0x000000f5aaa00000,0x000000f5aab00000) (1024K)]
  0x00000276ffe23e30 JavaThread "Finalizer"                  daemon [_thread_blocked, id=15136, stack(0x000000f5aab00000,0x000000f5aac00000) (1024K)]
  0x00000276ffe25aa0 JavaThread "Signal Dispatcher"          daemon [_thread_blocked, id=15552, stack(0x000000f5aac00000,0x000000f5aad00000) (1024K)]
  0x00000276ffe29750 JavaThread "Attach Listener"            daemon [_thread_blocked, id=15364, stack(0x000000f5aad00000,0x000000f5aae00000) (1024K)]
  0x00000276ffe2d5e0 JavaThread "Service Thread"             daemon [_thread_blocked, id=13924, stack(0x000000f5aae00000,0x000000f5aaf00000) (1024K)]
  0x00000276ffe2ffc0 JavaThread "Monitor Deflation Thread"   daemon [_thread_blocked, id=14224, stack(0x000000f5aaf00000,0x000000f5ab000000) (1024K)]
  0x00000276ffe38970 JavaThread "C2 CompilerThread0"         daemon [_thread_blocked, id=8328, stack(0x000000f5ab000000,0x000000f5ab100000) (1024K)]
  0x00000276ffe3b030 JavaThread "C1 CompilerThread0"         daemon [_thread_blocked, id=15704, stack(0x000000f5ab100000,0x000000f5ab200000) (1024K)]
  0x00000276cb161b70 JavaThread "Notification Thread"        daemon [_thread_blocked, id=3280, stack(0x000000f5ab200000,0x000000f5ab300000) (1024K)]
  0x00000276cb15d130 JavaThread "Common-Cleaner"             daemon [_thread_blocked, id=4456, stack(0x000000f5ab300000,0x000000f5ab400000) (1024K)]
  0x00000276cb5d18c0 JavaThread "C2 CompilerThread1"         daemon [_thread_blocked, id=15496, stack(0x000000f5ab400000,0x000000f5ab500000) (1024K)]
=>0x00000276cbc60ef0 JavaThread "C2 CompilerThread2"         daemon [_thread_in_native, id=6444, stack(0x000000f5ab500000,0x000000f5ab600000) (1024K)]
  0x00000276cc173f20 JavaThread "Thread-1"                   daemon [_thread_blocked, id=5808, stack(0x000000f5abf00000,0x000000f5ac000000) (1024K)]
Total: 14

Other Threads:
  0x00000276ffe0a790 VMThread "VM Thread"                           [id=12628, stack(0x000000f5aa900000,0x000000f5aaa00000) (1024K)]
  0x00000276ffdf5990 WatcherThread "VM Periodic Task Thread"        [id=14100, stack(0x000000f5aa800000,0x000000f5aa900000) (1024K)]
  0x00000276e687e350 WorkerThread "GC Thread#0"                     [id=3752, stack(0x000000f5aa300000,0x000000f5aa400000) (1024K)]
  0x00000276cc23e150 WorkerThread "GC Thread#1"                     [id=15084, stack(0x000000f5ab600000,0x000000f5ab700000) (1024K)]
  0x00000276cc23e500 WorkerThread "GC Thread#2"                     [id=12608, stack(0x000000f5ab700000,0x000000f5ab800000) (1024K)]
  0x00000276cc23e8b0 WorkerThread "GC Thread#3"                     [id=13808, stack(0x000000f5ab800000,0x000000f5ab900000) (1024K)]
  0x00000276cbaf98b0 WorkerThread "GC Thread#4"                     [id=15128, stack(0x000000f5ab900000,0x000000f5aba00000) (1024K)]
  0x00000276cbaf9c60 WorkerThread "GC Thread#5"                     [id=2136, stack(0x000000f5aba00000,0x000000f5abb00000) (1024K)]
  0x00000276cbd5f2e0 WorkerThread "GC Thread#6"                     [id=12988, stack(0x000000f5abb00000,0x000000f5abc00000) (1024K)]
  0x00000276cbd5f690 WorkerThread "GC Thread#7"                     [id=8364, stack(0x000000f5abc00000,0x000000f5abd00000) (1024K)]
  0x00000276cbd676b0 WorkerThread "GC Thread#8"                     [id=1824, stack(0x000000f5abd00000,0x000000f5abe00000) (1024K)]
  0x00000276cc2b5350 WorkerThread "GC Thread#9"                     [id=14124, stack(0x000000f5abe00000,0x000000f5abf00000) (1024K)]
  0x00000276e688ef70 ConcurrentGCThread "G1 Main Marker"            [id=9212, stack(0x000000f5aa400000,0x000000f5aa500000) (1024K)]
  0x00000276e688fa80 WorkerThread "G1 Conc#0"                       [id=16308, stack(0x000000f5aa500000,0x000000f5aa600000) (1024K)]
  0x00000276ffcc71b0 ConcurrentGCThread "G1 Refine#0"               [id=15240, stack(0x000000f5aa600000,0x000000f5aa700000) (1024K)]
  0x00000276ffcc7940 ConcurrentGCThread "G1 Service"                [id=10368, stack(0x000000f5aa700000,0x000000f5aa800000) (1024K)]
Total: 16

Threads with active compile tasks:
C2 CompilerThread2     1629 4384       4       org.codehaus.plexus.util.xml.Xpp3DomBuilder::build (413 bytes)
Total: 1

VM state: not at safepoint (normal execution)

VM Mutex/Monitor currently owned by a thread: None

Heap address: 0x0000000705800000, size: 4008 MB, Compressed Oops mode: Zero based, Oop shift amount: 3

CDS archive(s) mapped at: [0x0000027686000000-0x0000027686c90000-0x0000027686c90000), size 13172736, SharedBaseAddress: 0x0000027686000000, ArchiveRelocationMode: 1.
Compressed class space mapped at: 0x0000027687000000-0x00000276c7000000, reserved size: 1073741824
Narrow klass base: 0x0000027686000000, Narrow klass shift: 0, Narrow klass range: 0x100000000

GC Precious Log:
 CardTable entry size: 512
 Card Set container configuration: InlinePtr #cards 4 size 8 Array Of Cards #cards 16 size 48 Howl #buckets 8 coarsen threshold 3686 Howl Bitmap #cards 512 size 80 coarsen threshold 460 Card regions per heap region 1 cards per card region 4096
 CPUs: 12 total, 12 available
 Memory: 16027M
 Large Page Support: Disabled
 NUMA Support: Disabled
 Compressed Oops: Enabled (Zero based)
 Heap Region Size: 2M
 Heap Min Capacity: 8M
 Heap Initial Capacity: 252M
 Heap Max Capacity: 4008M
 Pre-touch: Disabled
 Parallel Workers: 10
 Concurrent Workers: 3
 Concurrent Refinement Workers: 10
 Periodic GC: Disabled

Heap:
 garbage-first heap   total 258048K, used 114010K [0x0000000705800000, 0x0000000800000000)
  region size 2048K, 56 young (114688K), 1 survivors (2048K)
 Metaspace       used 16876K, committed 17152K, reserved 1114112K
  class space    used 1935K, committed 2048K, reserved 1048576K

Heap Regions: E=young(eden), S=young(survivor), O=old, HS=humongous(starts), HC=humongous(continues), CS=collection set, F=free, TAMS=top-at-mark-start, PB=parsable bottom
|   0|0x0000000705800000, 0x0000000705a00000, 0x0000000705a00000|100%| O|  |TAMS 0x0000000705800000| PB 0x0000000705800000| Untracked 
|   1|0x0000000705a00000, 0x0000000705bb21c8, 0x0000000705c00000| 84%| O|  |TAMS 0x0000000705a00000| PB 0x0000000705a00000| Untracked 
|   2|0x0000000705c00000, 0x0000000705c00000, 0x0000000705e00000|  0%| F|  |TAMS 0x0000000705c00000| PB 0x0000000705c00000| Untracked 
|   3|0x0000000705e00000, 0x0000000705e00000, 0x0000000706000000|  0%| F|  |TAMS 0x0000000705e00000| PB 0x0000000705e00000| Untracked 
|   4|0x0000000706000000, 0x0000000706000000, 0x0000000706200000|  0%| F|  |TAMS 0x0000000706000000| PB 0x0000000706000000| Untracked 
|   5|0x0000000706200000, 0x0000000706200000, 0x0000000706400000|  0%| F|  |TAMS 0x0000000706200000| PB 0x0000000706200000| Untracked 
|   6|0x0000000706400000, 0x0000000706400000, 0x0000000706600000|  0%| F|  |TAMS 0x0000000706400000| PB 0x0000000706400000| Untracked 
|   7|0x0000000706600000, 0x0000000706600000, 0x0000000706800000|  0%| F|  |TAMS 0x0000000706600000| PB 0x0000000706600000| Untracked 
|   8|0x0000000706800000, 0x0000000706800000, 0x0000000706a00000|  0%| F|  |TAMS 0x0000000706800000| PB 0x0000000706800000| Untracked 
|   9|0x0000000706a00000, 0x0000000706a00000, 0x0000000706c00000|  0%| F|  |TAMS 0x0000000706a00000| PB 0x0000000706a00000| Untracked 
|  10|0x0000000706c00000, 0x0000000706c00000, 0x0000000706e00000|  0%| F|  |TAMS 0x0000000706c00000| PB 0x0000000706c00000| Untracked 
|  11|0x0000000706e00000, 0x0000000706e00000, 0x0000000707000000|  0%| F|  |TAMS 0x0000000706e00000| PB 0x0000000706e00000| Untracked 
|  12|0x0000000707000000, 0x0000000707000000, 0x0000000707200000|  0%| F|  |TAMS 0x0000000707000000| PB 0x0000000707000000| Untracked 
|  13|0x0000000707200000, 0x0000000707200000, 0x0000000707400000|  0%| F|  |TAMS 0x0000000707200000| PB 0x0000000707200000| Untracked 
|  14|0x0000000707400000, 0x0000000707400000, 0x0000000707600000|  0%| F|  |TAMS 0x0000000707400000| PB 0x0000000707400000| Untracked 
|  15|0x0000000707600000, 0x0000000707600000, 0x0000000707800000|  0%| F|  |TAMS 0x0000000707600000| PB 0x0000000707600000| Untracked 
|  16|0x0000000707800000, 0x0000000707800000, 0x0000000707a00000|  0%| F|  |TAMS 0x0000000707800000| PB 0x0000000707800000| Untracked 
|  17|0x0000000707a00000, 0x0000000707a00000, 0x0000000707c00000|  0%| F|  |TAMS 0x0000000707a00000| PB 0x0000000707a00000| Untracked 
|  18|0x0000000707c00000, 0x0000000707c00000, 0x0000000707e00000|  0%| F|  |TAMS 0x0000000707c00000| PB 0x0000000707c00000| Untracked 
|  19|0x0000000707e00000, 0x0000000707e00000, 0x0000000708000000|  0%| F|  |TAMS 0x0000000707e00000| PB 0x0000000707e00000| Untracked 
|  20|0x0000000708000000, 0x0000000708000000, 0x0000000708200000|  0%| F|  |TAMS 0x0000000708000000| PB 0x0000000708000000| Untracked 
|  21|0x0000000708200000, 0x0000000708200000, 0x0000000708400000|  0%| F|  |TAMS 0x0000000708200000| PB 0x0000000708200000| Untracked 
|  22|0x0000000708400000, 0x0000000708400000, 0x0000000708600000|  0%| F|  |TAMS 0x0000000708400000| PB 0x0000000708400000| Untracked 
|  23|0x0000000708600000, 0x0000000708600000, 0x0000000708800000|  0%| F|  |TAMS 0x0000000708600000| PB 0x0000000708600000| Untracked 
|  24|0x0000000708800000, 0x0000000708800000, 0x0000000708a00000|  0%| F|  |TAMS 0x0000000708800000| PB 0x0000000708800000| Untracked 
|  25|0x0000000708a00000, 0x0000000708a00000, 0x0000000708c00000|  0%| F|  |TAMS 0x0000000708a00000| PB 0x0000000708a00000| Untracked 
|  26|0x0000000708c00000, 0x0000000708c00000, 0x0000000708e00000|  0%| F|  |TAMS 0x0000000708c00000| PB 0x0000000708c00000| Untracked 
|  27|0x0000000708e00000, 0x0000000708e00000, 0x0000000709000000|  0%| F|  |TAMS 0x0000000708e00000| PB 0x0000000708e00000| Untracked 
|  28|0x0000000709000000, 0x0000000709000000, 0x0000000709200000|  0%| F|  |TAMS 0x0000000709000000| PB 0x0000000709000000| Untracked 
|  29|0x0000000709200000, 0x0000000709200000, 0x0000000709400000|  0%| F|  |TAMS 0x0000000709200000| PB 0x0000000709200000| Untracked 
|  30|0x0000000709400000, 0x0000000709400000, 0x0000000709600000|  0%| F|  |TAMS 0x0000000709400000| PB 0x0000000709400000| Untracked 
|  31|0x0000000709600000, 0x0000000709600000, 0x0000000709800000|  0%| F|  |TAMS 0x0000000709600000| PB 0x0000000709600000| Untracked 
|  32|0x0000000709800000, 0x0000000709800000, 0x0000000709a00000|  0%| F|  |TAMS 0x0000000709800000| PB 0x0000000709800000| Untracked 
|  33|0x0000000709a00000, 0x0000000709a00000, 0x0000000709c00000|  0%| F|  |TAMS 0x0000000709a00000| PB 0x0000000709a00000| Untracked 
|  34|0x0000000709c00000, 0x0000000709c00000, 0x0000000709e00000|  0%| F|  |TAMS 0x0000000709c00000| PB 0x0000000709c00000| Untracked 
|  35|0x0000000709e00000, 0x0000000709e00000, 0x000000070a000000|  0%| F|  |TAMS 0x0000000709e00000| PB 0x0000000709e00000| Untracked 
|  36|0x000000070a000000, 0x000000070a000000, 0x000000070a200000|  0%| F|  |TAMS 0x000000070a000000| PB 0x000000070a000000| Untracked 
|  37|0x000000070a200000, 0x000000070a200000, 0x000000070a400000|  0%| F|  |TAMS 0x000000070a200000| PB 0x000000070a200000| Untracked 
|  38|0x000000070a400000, 0x000000070a400000, 0x000000070a600000|  0%| F|  |TAMS 0x000000070a400000| PB 0x000000070a400000| Untracked 
|  39|0x000000070a600000, 0x000000070a600000, 0x000000070a800000|  0%| F|  |TAMS 0x000000070a600000| PB 0x000000070a600000| Untracked 
|  40|0x000000070a800000, 0x000000070a800000, 0x000000070aa00000|  0%| F|  |TAMS 0x000000070a800000| PB 0x000000070a800000| Untracked 
|  41|0x000000070aa00000, 0x000000070aa00000, 0x000000070ac00000|  0%| F|  |TAMS 0x000000070aa00000| PB 0x000000070aa00000| Untracked 
|  42|0x000000070ac00000, 0x000000070ac00000, 0x000000070ae00000|  0%| F|  |TAMS 0x000000070ac00000| PB 0x000000070ac00000| Untracked 
|  43|0x000000070ae00000, 0x000000070ae00000, 0x000000070b000000|  0%| F|  |TAMS 0x000000070ae00000| PB 0x000000070ae00000| Untracked 
|  44|0x000000070b000000, 0x000000070b000000, 0x000000070b200000|  0%| F|  |TAMS 0x000000070b000000| PB 0x000000070b000000| Untracked 
|  45|0x000000070b200000, 0x000000070b200000, 0x000000070b400000|  0%| F|  |TAMS 0x000000070b200000| PB 0x000000070b200000| Untracked 
|  46|0x000000070b400000, 0x000000070b400000, 0x000000070b600000|  0%| F|  |TAMS 0x000000070b400000| PB 0x000000070b400000| Untracked 
|  47|0x000000070b600000, 0x000000070b600000, 0x000000070b800000|  0%| F|  |TAMS 0x000000070b600000| PB 0x000000070b600000| Untracked 
|  48|0x000000070b800000, 0x000000070b800000, 0x000000070ba00000|  0%| F|  |TAMS 0x000000070b800000| PB 0x000000070b800000| Untracked 
|  49|0x000000070ba00000, 0x000000070ba00000, 0x000000070bc00000|  0%| F|  |TAMS 0x000000070ba00000| PB 0x000000070ba00000| Untracked 
|  50|0x000000070bc00000, 0x000000070bc00000, 0x000000070be00000|  0%| F|  |TAMS 0x000000070bc00000| PB 0x000000070bc00000| Untracked 
|  51|0x000000070be00000, 0x000000070be00000, 0x000000070c000000|  0%| F|  |TAMS 0x000000070be00000| PB 0x000000070be00000| Untracked 
|  52|0x000000070c000000, 0x000000070c000000, 0x000000070c200000|  0%| F|  |TAMS 0x000000070c000000| PB 0x000000070c000000| Untracked 
|  53|0x000000070c200000, 0x000000070c200000, 0x000000070c400000|  0%| F|  |TAMS 0x000000070c200000| PB 0x000000070c200000| Untracked 
|  54|0x000000070c400000, 0x000000070c400000, 0x000000070c600000|  0%| F|  |TAMS 0x000000070c400000| PB 0x000000070c400000| Untracked 
|  55|0x000000070c600000, 0x000000070c600000, 0x000000070c800000|  0%| F|  |TAMS 0x000000070c600000| PB 0x000000070c600000| Untracked 
|  56|0x000000070c800000, 0x000000070c800000, 0x000000070ca00000|  0%| F|  |TAMS 0x000000070c800000| PB 0x000000070c800000| Untracked 
|  57|0x000000070ca00000, 0x000000070ca00000, 0x000000070cc00000|  0%| F|  |TAMS 0x000000070ca00000| PB 0x000000070ca00000| Untracked 
|  58|0x000000070cc00000, 0x000000070cc00000, 0x000000070ce00000|  0%| F|  |TAMS 0x000000070cc00000| PB 0x000000070cc00000| Untracked 
|  59|0x000000070ce00000, 0x000000070ce00000, 0x000000070d000000|  0%| F|  |TAMS 0x000000070ce00000| PB 0x000000070ce00000| Untracked 
|  60|0x000000070d000000, 0x000000070d000000, 0x000000070d200000|  0%| F|  |TAMS 0x000000070d000000| PB 0x000000070d000000| Untracked 
|  61|0x000000070d200000, 0x000000070d200000, 0x000000070d400000|  0%| F|  |TAMS 0x000000070d200000| PB 0x000000070d200000| Untracked 
|  62|0x000000070d400000, 0x000000070d400000, 0x000000070d600000|  0%| F|  |TAMS 0x000000070d400000| PB 0x000000070d400000| Untracked 
|  63|0x000000070d600000, 0x000000070d600000, 0x000000070d800000|  0%| F|  |TAMS 0x000000070d600000| PB 0x000000070d600000| Untracked 
|  64|0x000000070d800000, 0x000000070d800000, 0x000000070da00000|  0%| F|  |TAMS 0x000000070d800000| PB 0x000000070d800000| Untracked 
|  65|0x000000070da00000, 0x000000070da00000, 0x000000070dc00000|  0%| F|  |TAMS 0x000000070da00000| PB 0x000000070da00000| Untracked 
|  66|0x000000070dc00000, 0x000000070dc00000, 0x000000070de00000|  0%| F|  |TAMS 0x000000070dc00000| PB 0x000000070dc00000| Untracked 
|  67|0x000000070de00000, 0x000000070de00000, 0x000000070e000000|  0%| F|  |TAMS 0x000000070de00000| PB 0x000000070de00000| Untracked 
|  68|0x000000070e000000, 0x000000070e000000, 0x000000070e200000|  0%| F|  |TAMS 0x000000070e000000| PB 0x000000070e000000| Untracked 
|  69|0x000000070e200000, 0x000000070e200000, 0x000000070e400000|  0%| F|  |TAMS 0x000000070e200000| PB 0x000000070e200000| Untracked 
|  70|0x000000070e400000, 0x000000070e54f918, 0x000000070e600000| 65%| E|  |TAMS 0x000000070e400000| PB 0x000000070e400000| Complete 
|  71|0x000000070e600000, 0x000000070e800000, 0x000000070e800000|100%| E|CS|TAMS 0x000000070e600000| PB 0x000000070e600000| Complete 
|  72|0x000000070e800000, 0x000000070ea00000, 0x000000070ea00000|100%| E|CS|TAMS 0x000000070e800000| PB 0x000000070e800000| Complete 
|  73|0x000000070ea00000, 0x000000070ec00000, 0x000000070ec00000|100%| E|CS|TAMS 0x000000070ea00000| PB 0x000000070ea00000| Complete 
|  74|0x000000070ec00000, 0x000000070ee00000, 0x000000070ee00000|100%| E|CS|TAMS 0x000000070ec00000| PB 0x000000070ec00000| Complete 
|  75|0x000000070ee00000, 0x000000070f000000, 0x000000070f000000|100%| E|CS|TAMS 0x000000070ee00000| PB 0x000000070ee00000| Complete 
|  76|0x000000070f000000, 0x000000070f200000, 0x000000070f200000|100%| E|  |TAMS 0x000000070f000000| PB 0x000000070f000000| Complete 
|  77|0x000000070f200000, 0x000000070f400000, 0x000000070f400000|100%| E|CS|TAMS 0x000000070f200000| PB 0x000000070f200000| Complete 
|  78|0x000000070f400000, 0x000000070f600000, 0x000000070f600000|100%| E|CS|TAMS 0x000000070f400000| PB 0x000000070f400000| Complete 
|  79|0x000000070f600000, 0x000000070f800000, 0x000000070f800000|100%| E|CS|TAMS 0x000000070f600000| PB 0x000000070f600000| Complete 
|  80|0x000000070f800000, 0x000000070fa00000, 0x000000070fa00000|100%| E|CS|TAMS 0x000000070f800000| PB 0x000000070f800000| Complete 
|  81|0x000000070fa00000, 0x000000070fc00000, 0x000000070fc00000|100%| E|CS|TAMS 0x000000070fa00000| PB 0x000000070fa00000| Complete 
|  82|0x000000070fc00000, 0x000000070fe00000, 0x000000070fe00000|100%| E|CS|TAMS 0x000000070fc00000| PB 0x000000070fc00000| Complete 
|  83|0x000000070fe00000, 0x0000000710000000, 0x0000000710000000|100%| E|CS|TAMS 0x000000070fe00000| PB 0x000000070fe00000| Complete 
|  84|0x0000000710000000, 0x0000000710200000, 0x0000000710200000|100%| E|CS|TAMS 0x0000000710000000| PB 0x0000000710000000| Complete 
|  85|0x0000000710200000, 0x0000000710400000, 0x0000000710400000|100%| E|CS|TAMS 0x0000000710200000| PB 0x0000000710200000| Complete 
|  86|0x0000000710400000, 0x0000000710600000, 0x0000000710600000|100%| E|CS|TAMS 0x0000000710400000| PB 0x0000000710400000| Complete 
|  87|0x0000000710600000, 0x0000000710800000, 0x0000000710800000|100%| E|CS|TAMS 0x0000000710600000| PB 0x0000000710600000| Complete 
|  88|0x0000000710800000, 0x0000000710a00000, 0x0000000710a00000|100%| E|CS|TAMS 0x0000000710800000| PB 0x0000000710800000| Complete 
|  89|0x0000000710a00000, 0x0000000710c00000, 0x0000000710c00000|100%| E|CS|TAMS 0x0000000710a00000| PB 0x0000000710a00000| Complete 
|  90|0x0000000710c00000, 0x0000000710e00000, 0x0000000710e00000|100%| E|CS|TAMS 0x0000000710c00000| PB 0x0000000710c00000| Complete 
|  91|0x0000000710e00000, 0x0000000711000000, 0x0000000711000000|100%| E|CS|TAMS 0x0000000710e00000| PB 0x0000000710e00000| Complete 
|  92|0x0000000711000000, 0x0000000711200000, 0x0000000711200000|100%| E|CS|TAMS 0x0000000711000000| PB 0x0000000711000000| Complete 
|  93|0x0000000711200000, 0x0000000711400000, 0x0000000711400000|100%| E|CS|TAMS 0x0000000711200000| PB 0x0000000711200000| Complete 
|  94|0x0000000711400000, 0x0000000711600000, 0x0000000711600000|100%| E|CS|TAMS 0x0000000711400000| PB 0x0000000711400000| Complete 
|  95|0x0000000711600000, 0x0000000711800000, 0x0000000711800000|100%| E|CS|TAMS 0x0000000711600000| PB 0x0000000711600000| Complete 
|  96|0x0000000711800000, 0x0000000711a00000, 0x0000000711a00000|100%| E|CS|TAMS 0x0000000711800000| PB 0x0000000711800000| Complete 
|  97|0x0000000711a00000, 0x0000000711c00000, 0x0000000711c00000|100%| E|CS|TAMS 0x0000000711a00000| PB 0x0000000711a00000| Complete 
|  98|0x0000000711c00000, 0x0000000711e00000, 0x0000000711e00000|100%| E|CS|TAMS 0x0000000711c00000| PB 0x0000000711c00000| Complete 
|  99|0x0000000711e00000, 0x0000000712000000, 0x0000000712000000|100%| E|CS|TAMS 0x0000000711e00000| PB 0x0000000711e00000| Complete 
| 100|0x0000000712000000, 0x0000000712200000, 0x0000000712200000|100%| E|CS|TAMS 0x0000000712000000| PB 0x0000000712000000| Complete 
| 101|0x0000000712200000, 0x0000000712400000, 0x0000000712400000|100%| E|CS|TAMS 0x0000000712200000| PB 0x0000000712200000| Complete 
| 102|0x0000000712400000, 0x0000000712600000, 0x0000000712600000|100%| E|CS|TAMS 0x0000000712400000| PB 0x0000000712400000| Complete 
| 103|0x0000000712600000, 0x0000000712800000, 0x0000000712800000|100%| E|CS|TAMS 0x0000000712600000| PB 0x0000000712600000| Complete 
| 104|0x0000000712800000, 0x0000000712a00000, 0x0000000712a00000|100%| E|CS|TAMS 0x0000000712800000| PB 0x0000000712800000| Complete 
| 105|0x0000000712a00000, 0x0000000712c00000, 0x0000000712c00000|100%| E|CS|TAMS 0x0000000712a00000| PB 0x0000000712a00000| Complete 
| 106|0x0000000712c00000, 0x0000000712e00000, 0x0000000712e00000|100%| E|CS|TAMS 0x0000000712c00000| PB 0x0000000712c00000| Complete 
| 107|0x0000000712e00000, 0x0000000712fa4900, 0x0000000713000000| 82%| S|CS|TAMS 0x0000000712e00000| PB 0x0000000712e00000| Complete 
| 108|0x0000000713000000, 0x0000000713200000, 0x0000000713200000|100%| E|CS|TAMS 0x0000000713000000| PB 0x0000000713000000| Complete 
| 109|0x0000000713200000, 0x0000000713400000, 0x0000000713400000|100%| E|CS|TAMS 0x0000000713200000| PB 0x0000000713200000| Complete 
| 110|0x0000000713400000, 0x0000000713600000, 0x0000000713600000|100%| E|CS|TAMS 0x0000000713400000| PB 0x0000000713400000| Complete 
| 111|0x0000000713600000, 0x0000000713800000, 0x0000000713800000|100%| E|CS|TAMS 0x0000000713600000| PB 0x0000000713600000| Complete 
| 112|0x0000000713800000, 0x0000000713a00000, 0x0000000713a00000|100%| E|CS|TAMS 0x0000000713800000| PB 0x0000000713800000| Complete 
| 113|0x0000000713a00000, 0x0000000713c00000, 0x0000000713c00000|100%| E|CS|TAMS 0x0000000713a00000| PB 0x0000000713a00000| Complete 
| 114|0x0000000713c00000, 0x0000000713e00000, 0x0000000713e00000|100%| E|CS|TAMS 0x0000000713c00000| PB 0x0000000713c00000| Complete 
| 115|0x0000000713e00000, 0x0000000714000000, 0x0000000714000000|100%| E|CS|TAMS 0x0000000713e00000| PB 0x0000000713e00000| Complete 
| 116|0x0000000714000000, 0x0000000714200000, 0x0000000714200000|100%| E|CS|TAMS 0x0000000714000000| PB 0x0000000714000000| Complete 
| 117|0x0000000714200000, 0x0000000714400000, 0x0000000714400000|100%| E|CS|TAMS 0x0000000714200000| PB 0x0000000714200000| Complete 
| 118|0x0000000714400000, 0x0000000714600000, 0x0000000714600000|100%| E|CS|TAMS 0x0000000714400000| PB 0x0000000714400000| Complete 
| 119|0x0000000714600000, 0x0000000714800000, 0x0000000714800000|100%| E|CS|TAMS 0x0000000714600000| PB 0x0000000714600000| Complete 
| 120|0x0000000714800000, 0x0000000714a00000, 0x0000000714a00000|100%| E|CS|TAMS 0x0000000714800000| PB 0x0000000714800000| Complete 
| 121|0x0000000714a00000, 0x0000000714c00000, 0x0000000714c00000|100%| E|CS|TAMS 0x0000000714a00000| PB 0x0000000714a00000| Complete 
| 122|0x0000000714c00000, 0x0000000714e00000, 0x0000000714e00000|100%| E|CS|TAMS 0x0000000714c00000| PB 0x0000000714c00000| Complete 
| 123|0x0000000714e00000, 0x0000000715000000, 0x0000000715000000|100%| E|CS|TAMS 0x0000000714e00000| PB 0x0000000714e00000| Complete 
| 124|0x0000000715000000, 0x0000000715200000, 0x0000000715200000|100%| E|CS|TAMS 0x0000000715000000| PB 0x0000000715000000| Complete 
| 125|0x0000000715200000, 0x0000000715400000, 0x0000000715400000|100%| E|CS|TAMS 0x0000000715200000| PB 0x0000000715200000| Complete 

Card table byte_map: [0x00000276fe9f0000,0x00000276ff1d0000] _byte_map_base: 0x00000276fb1c4000

Marking Bits: (CMBitMap*) 0x00000276e687ea60
 Bits: [0x0000027680000000, 0x0000027683ea0000)

Polling page: 0x00000276e4810000

Metaspace:

Usage:
  Non-class:     14.60 MB used.
      Class:      1.89 MB used.
       Both:     16.49 MB used.

Virtual space:
  Non-class space:       64.00 MB reserved,      14.75 MB ( 23%) committed,  1 nodes.
      Class space:        1.00 GB reserved,       2.00 MB ( <1%) committed,  1 nodes.
             Both:        1.06 GB reserved,      16.75 MB (  2%) committed. 

Chunk freelists:
   Non-Class:  1.03 MB
       Class:  13.86 MB
        Both:  14.89 MB

MaxMetaspaceSize: unlimited
CompressedClassSpaceSize: 1.00 GB
Initial GC threshold: 21.00 MB
Current GC threshold: 21.00 MB
CDS: on
 - commit_granule_bytes: 65536.
 - commit_granule_words: 8192.
 - virtual_space_node_default_size: 8388608.
 - enlarge_chunks_in_place: 1.
 - use_allocation_guard: 0.


Internal statistics:

num_allocs_failed_limit: 0.
num_arena_births: 166.
num_arena_deaths: 0.
num_vsnodes_births: 2.
num_vsnodes_deaths: 0.
num_space_committed: 268.
num_space_uncommitted: 0.
num_chunks_returned_to_freelist: 0.
num_chunks_taken_from_freelist: 749.
num_chunk_merges: 0.
num_chunk_splits: 509.
num_chunks_enlarged: 408.
num_inconsistent_stats: 0.

CodeHeap 'non-profiled nmethods': size=120000Kb used=2478Kb max_used=2478Kb free=117521Kb
 bounds [0x00000276f6790000, 0x00000276f6a00000, 0x00000276fdcc0000]
CodeHeap 'profiled nmethods': size=120000Kb used=9325Kb max_used=9325Kb free=110674Kb
 bounds [0x00000276eecc0000, 0x00000276ef5e0000, 0x00000276f61f0000]
CodeHeap 'non-nmethods': size=5760Kb used=1414Kb max_used=1452Kb free=4345Kb
 bounds [0x00000276f61f0000, 0x00000276f6460000, 0x00000276f6790000]
 total_blobs=5002 nmethods=4498 adapters=407
 compilation: enabled
              stopped_count=0, restarted_count=0
 full_count=0

Compilation events (20 events):
Event: 1.602 Thread 0x00000276ffe3b030 4468       3       sun.nio.fs.WindowsPath::toWindowsPath (32 bytes)
Event: 1.602 Thread 0x00000276ffe3b030 nmethod 4468 0x00000276ef5c7e90 code [0x00000276ef5c8060, 0x00000276ef5c84f0]
Event: 1.602 Thread 0x00000276ffe3b030 4469       3       sun.nio.fs.WindowsPath::getPathForWin32Calls (6 bytes)
Event: 1.602 Thread 0x00000276ffe3b030 nmethod 4469 0x00000276ef5c8610 code [0x00000276ef5c87c0, 0x00000276ef5c8900]
Event: 1.602 Thread 0x00000276ffe3b030 4470   !   3       sun.nio.fs.WindowsPath::getPathForWin32Calls (147 bytes)
Event: 1.602 Thread 0x00000276ffe3b030 nmethod 4470 0x00000276ef5c8990 code [0x00000276ef5c8c40, 0x00000276ef5c9bc8]
Event: 1.602 Thread 0x00000276ffe3b030 4465   !   3       sun.nio.fs.WindowsNativeDispatcher::GetFileAttributesEx (73 bytes)
Event: 1.602 Thread 0x00000276ffe3b030 nmethod 4465 0x00000276ef5ca010 code [0x00000276ef5ca260, 0x00000276ef5ca7d8]
Event: 1.602 Thread 0x00000276ffe3b030 4466       3       sun.nio.fs.WindowsFileAttributes::fromFileAttributeData (104 bytes)
Event: 1.602 Thread 0x00000276ffe3b030 nmethod 4466 0x00000276ef5cab90 code [0x00000276ef5cad80, 0x00000276ef5cb238]
Event: 1.603 Thread 0x00000276ffe3b030 4471       3       sun.nio.fs.WindowsFileSystemProvider::readAttributes (63 bytes)
Event: 1.603 Thread 0x00000276ffe3b030 nmethod 4471 0x00000276ef5cb490 code [0x00000276ef5cb700, 0x00000276ef5cc078]
Event: 1.603 Thread 0x00000276ffe3b030 4475       3       sun.nio.fs.WindowsPath::<init> (26 bytes)
Event: 1.603 Thread 0x00000276ffe3b030 nmethod 4475 0x00000276ef5cc390 code [0x00000276ef5cc540, 0x00000276ef5cc838]
Event: 1.603 Thread 0x00000276ffe3b030 4474   !   3       sun.nio.fs.WindowsFileSystemProvider::checkAccess (332 bytes)
Event: 1.604 Thread 0x00000276ffe3b030 nmethod 4474 0x00000276ef5cc910 code [0x00000276ef5ccd00, 0x00000276ef5ce8c8]
Event: 1.604 Thread 0x00000276ffe3b030 4472       3       sun.nio.fs.WindowsFileSystemProvider::getFileAttributeView (118 bytes)
Event: 1.604 Thread 0x00000276ffe3b030 nmethod 4472 0x00000276ef5cf290 code [0x00000276ef5cf5c0, 0x00000276ef5d05c0]
Event: 1.604 Thread 0x00000276ffe3b030 4473       3       sun.nio.fs.WindowsFileAttributeViews::createBasicView (10 bytes)
Event: 1.604 Thread 0x00000276ffe3b030 nmethod 4473 0x00000276ef5d0a90 code [0x00000276ef5d0c40, 0x00000276ef5d0f10]

GC Heap History (4 events):
Event: 0.310 GC heap before
{Heap before GC invocations=0 (full 0):
 garbage-first heap   total 258048K, used 22528K [0x0000000705800000, 0x0000000800000000)
  region size 2048K, 11 young (22528K), 0 survivors (0K)
 Metaspace       used 5545K, committed 5760K, reserved 1114112K
  class space    used 638K, committed 768K, reserved 1048576K
}
Event: 0.314 GC heap after
{Heap after GC invocations=1 (full 0):
 garbage-first heap   total 258048K, used 3778K [0x0000000705800000, 0x0000000800000000)
  region size 2048K, 2 young (4096K), 2 survivors (4096K)
 Metaspace       used 5545K, committed 5760K, reserved 1114112K
  class space    used 638K, committed 768K, reserved 1048576K
}
Event: 0.595 GC heap before
{Heap before GC invocations=1 (full 0):
 garbage-first heap   total 258048K, used 36546K [0x0000000705800000, 0x0000000800000000)
  region size 2048K, 18 young (36864K), 2 survivors (4096K)
 Metaspace       used 9494K, committed 9728K, reserved 1114112K
  class space    used 1115K, committed 1216K, reserved 1048576K
}
Event: 0.598 GC heap after
{Heap after GC invocations=2 (full 0):
 garbage-first heap   total 258048K, used 5466K [0x0000000705800000, 0x0000000800000000)
  region size 2048K, 1 young (2048K), 1 survivors (2048K)
 Metaspace       used 9494K, committed 9728K, reserved 1114112K
  class space    used 1115K, committed 1216K, reserved 1048576K
}

Dll operation events (8 events):
Event: 0.005 Loaded shared library C:\Program Files\Java\jdk-21\bin\java.dll
Event: 0.024 Loaded shared library C:\Program Files\Java\jdk-21\bin\jsvml.dll
Event: 0.036 Loaded shared library C:\Program Files\Java\jdk-21\bin\net.dll
Event: 0.037 Loaded shared library C:\Program Files\Java\jdk-21\bin\nio.dll
Event: 0.040 Loaded shared library C:\Program Files\Java\jdk-21\bin\zip.dll
Event: 0.106 Loaded shared library C:\Program Files\Java\jdk-21\bin\jimage.dll
Event: 0.106 Loaded shared library C:\Users\OS\.m2\wrapper\dists\apache-maven-3.9.12\59fe215c0ad6947fea90184bf7add084544567b927287592651fda3782e0e798\lib\jansi-native\Windows\x86_64\jansi.dll
Event: 0.114 Loaded shared library C:\Program Files\Java\jdk-21\bin\verify.dll

Deoptimization events (20 events):
Event: 1.566 Thread 0x00000276e68195e0 Uncommon trap: trap_request=0xffffffc6 fr.pc=0x00000276f689f1d8 relative=0x0000000000000098
Event: 1.566 Thread 0x00000276e68195e0 Uncommon trap: reason=bimorphic_or_optimized_type_check action=maybe_recompile pc=0x00000276f689f1d8 method=com.google.inject.internal.LinkedBindingImpl.acceptTargetVisitor(Lcom/google/inject/spi/BindingTargetVisitor;)Ljava/lang/Object; @ 2 c2
Event: 1.566 Thread 0x00000276e68195e0 DEOPT PACKING pc=0x00000276f689f1d8 sp=0x000000f5aa2fd8c0
Event: 1.566 Thread 0x00000276e68195e0 DEOPT UNPACKING pc=0x00000276f62446a2 sp=0x000000f5aa2fd848 mode 2
Event: 1.570 Thread 0x00000276e68195e0 Uncommon trap: trap_request=0xffffffc6 fr.pc=0x00000276f689f1d8 relative=0x0000000000000098
Event: 1.570 Thread 0x00000276e68195e0 Uncommon trap: reason=bimorphic_or_optimized_type_check action=maybe_recompile pc=0x00000276f689f1d8 method=com.google.inject.internal.LinkedBindingImpl.acceptTargetVisitor(Lcom/google/inject/spi/BindingTargetVisitor;)Ljava/lang/Object; @ 2 c2
Event: 1.570 Thread 0x00000276e68195e0 DEOPT PACKING pc=0x00000276f689f1d8 sp=0x000000f5aa2fd8c0
Event: 1.570 Thread 0x00000276e68195e0 DEOPT UNPACKING pc=0x00000276f62446a2 sp=0x000000f5aa2fd848 mode 2
Event: 1.570 Thread 0x00000276e68195e0 Uncommon trap: trap_request=0xffffffc6 fr.pc=0x00000276f689f1d8 relative=0x0000000000000098
Event: 1.570 Thread 0x00000276e68195e0 Uncommon trap: reason=bimorphic_or_optimized_type_check action=maybe_recompile pc=0x00000276f689f1d8 method=com.google.inject.internal.LinkedBindingImpl.acceptTargetVisitor(Lcom/google/inject/spi/BindingTargetVisitor;)Ljava/lang/Object; @ 2 c2
Event: 1.570 Thread 0x00000276e68195e0 DEOPT PACKING pc=0x00000276f689f1d8 sp=0x000000f5aa2fd8c0
Event: 1.570 Thread 0x00000276e68195e0 DEOPT UNPACKING pc=0x00000276f62446a2 sp=0x000000f5aa2fd848 mode 2
Event: 1.571 Thread 0x00000276e68195e0 Uncommon trap: trap_request=0xfffffff4 fr.pc=0x00000276f69b18dc relative=0x00000000000008dc
Event: 1.571 Thread 0x00000276e68195e0 Uncommon trap: reason=null_check action=make_not_entrant pc=0x00000276f69b18dc method=com.google.inject.internal.InjectorImpl.enterContext()Lcom/google/inject/internal/InternalContext; @ 7 c2
Event: 1.571 Thread 0x00000276e68195e0 DEOPT PACKING pc=0x00000276f69b18dc sp=0x000000f5aa2fd940
Event: 1.571 Thread 0x00000276e68195e0 DEOPT UNPACKING pc=0x00000276f62446a2 sp=0x000000f5aa2fd930 mode 2
Event: 1.572 Thread 0x00000276e68195e0 Uncommon trap: trap_request=0xffffff45 fr.pc=0x00000276f6978258 relative=0x0000000000001018
Event: 1.572 Thread 0x00000276e68195e0 Uncommon trap: reason=unstable_if action=reinterpret pc=0x00000276f6978258 method=org.eclipse.sisu.inject.LocatedBeans$Itr.hasNext()Z @ 81 c2
Event: 1.572 Thread 0x00000276e68195e0 DEOPT PACKING pc=0x00000276f6978258 sp=0x000000f5aa2fe150
Event: 1.572 Thread 0x00000276e68195e0 DEOPT UNPACKING pc=0x00000276f62446a2 sp=0x000000f5aa2fe120 mode 2

Classes loaded (20 events):
Event: 1.584 Loading class java/io/Externalizable done
Event: 1.584 Loading class java/time/zone/Ser done
Event: 1.585 Loading class java/time/zone/ZoneOffsetTransition
Event: 1.585 Loading class java/time/zone/ZoneOffsetTransition done
Event: 1.591 Loading class jdk/internal/reflect/MethodHandleBooleanFieldAccessorImpl
Event: 1.591 Loading class jdk/internal/reflect/MethodHandleBooleanFieldAccessorImpl done
Event: 1.597 Loading class java/nio/file/Files$AcceptAllFilter
Event: 1.597 Loading class java/nio/file/DirectoryStream$Filter
Event: 1.597 Loading class java/nio/file/DirectoryStream$Filter done
Event: 1.597 Loading class java/nio/file/Files$AcceptAllFilter done
Event: 1.597 Loading class sun/nio/fs/WindowsDirectoryStream
Event: 1.597 Loading class java/nio/file/DirectoryStream
Event: 1.597 Loading class java/nio/file/DirectoryStream done
Event: 1.597 Loading class sun/nio/fs/WindowsDirectoryStream done
Event: 1.597 Loading class sun/nio/fs/WindowsDirectoryStream$WindowsDirectoryIterator
Event: 1.597 Loading class sun/nio/fs/WindowsDirectoryStream$WindowsDirectoryIterator done
Event: 1.597 Loading class sun/nio/fs/WindowsPath$WindowsPathWithAttributes
Event: 1.597 Loading class sun/nio/fs/BasicFileAttributesHolder
Event: 1.597 Loading class sun/nio/fs/BasicFileAttributesHolder done
Event: 1.597 Loading class sun/nio/fs/WindowsPath$WindowsPathWithAttributes done

Classes unloaded (0 events):
No events

Classes redefined (0 events):
No events

Internal exceptions (20 events):
Event: 0.876 Thread 0x00000276e68195e0 Exception <a 'java/lang/NoSuchMethodError'{0x0000000713ceaa80}: 'void java.lang.invoke.DirectMethodHandle$Holder.invokeSpecial(java.lang.Object, java.lang.Object, java.lang.Object, java.lang.Object, java.lang.Object)'> (0x0000000713ceaa80) 
thrown [s\open\src\hotspot\share\interpreter\linkResolver.cpp, line 773]
Event: 0.879 Thread 0x00000276e68195e0 Exception <a 'java/lang/NoSuchMethodError'{0x0000000713d04cf8}: 'void java.lang.invoke.DirectMethodHandle$Holder.invokeSpecial(java.lang.Object, java.lang.Object, java.lang.Object, java.lang.Object, java.lang.Object, java.lang.Object)'> (0x0000000713d04cf8) 
thrown [s\open\src\hotspot\share\interpreter\linkResolver.cpp, line 773]
Event: 0.889 Thread 0x00000276e68195e0 Exception <a 'java/lang/NoSuchMethodError'{0x0000000713dfab90}: 'java.lang.Object java.lang.invoke.DirectMethodHandle$Holder.invokeVirtual(java.lang.Object, java.lang.Object, java.lang.Object)'> (0x0000000713dfab90) 
thrown [s\open\src\hotspot\share\interpreter\linkResolver.cpp, line 773]
Event: 0.911 Thread 0x00000276e68195e0 Exception <a 'java/lang/NoSuchMethodError'{0x0000000713b705f8}: 'void java.lang.invoke.DirectMethodHandle$Holder.invokeVirtual(java.lang.Object, java.lang.Object, int)'> (0x0000000713b705f8) 
thrown [s\open\src\hotspot\share\interpreter\linkResolver.cpp, line 773]
Event: 0.911 Thread 0x00000276e68195e0 Exception <a 'java/lang/NoSuchMethodError'{0x0000000713b74760}: 'int java.lang.invoke.DirectMethodHandle$Holder.invokeSpecial(java.lang.Object, java.lang.Object, java.lang.Object, int)'> (0x0000000713b74760) 
thrown [s\open\src\hotspot\share\interpreter\linkResolver.cpp, line 773]
Event: 0.912 Thread 0x00000276e68195e0 Exception <a 'java/lang/NoSuchMethodError'{0x0000000713b86e48}: 'java.lang.Object java.lang.invoke.DirectMethodHandle$Holder.invokeStatic(java.lang.Object, java.lang.Object, java.lang.Object, java.lang.Object, int)'> (0x0000000713b86e48) 
thrown [s\open\src\hotspot\share\interpreter\linkResolver.cpp, line 773]
Event: 0.912 Thread 0x00000276e68195e0 Exception <a 'java/lang/NoSuchMethodError'{0x0000000713b8ec48}: 'void java.lang.invoke.DirectMethodHandle$Holder.invokeSpecial(java.lang.Object, java.lang.Object, java.lang.Object, int)'> (0x0000000713b8ec48) 
thrown [s\open\src\hotspot\share\interpreter\linkResolver.cpp, line 773]
Event: 0.912 Thread 0x00000276e68195e0 Exception <a 'java/lang/NoSuchMethodError'{0x0000000713b92318}: 'void java.lang.invoke.DelegatingMethodHandle$Holder.reinvoke_L(java.lang.Object, java.lang.Object, int)'> (0x0000000713b92318) 
thrown [s\open\src\hotspot\share\interpreter\linkResolver.cpp, line 773]
Event: 1.128 Thread 0x00000276e68195e0 Implicit null exception at 0x00000276f6903cd4 to 0x00000276f6903ff4
Event: 1.128 Thread 0x00000276e68195e0 Implicit null exception at 0x00000276f68dda12 to 0x00000276f68df3bc
Event: 1.128 Thread 0x00000276e68195e0 Implicit null exception at 0x00000276f6873a1d to 0x00000276f6873c40
Event: 1.128 Thread 0x00000276e68195e0 Implicit null exception at 0x00000276f68c120d to 0x00000276f68c1b14
Event: 1.129 Thread 0x00000276e68195e0 Exception <a 'java/lang/NoSuchMethodError'{0x0000000711cb55d8}: 'void java.lang.invoke.DirectMethodHandle$Holder.invokeStatic(java.lang.Object, java.lang.Object, java.lang.Object, java.lang.Object)'> (0x0000000711cb55d8) 
thrown [s\open\src\hotspot\share\interpreter\linkResolver.cpp, line 773]
Event: 1.131 Thread 0x00000276e68195e0 Exception <a 'java/lang/NoSuchMethodError'{0x0000000711cce7c8}: 'int java.lang.invoke.DirectMethodHandle$Holder.invokeSpecialIFC(java.lang.Object, java.lang.Object, java.lang.Object, java.lang.Object)'> (0x0000000711cce7c8) 
thrown [s\open\src\hotspot\share\interpreter\linkResolver.cpp, line 773]
Event: 1.489 Thread 0x00000276e68195e0 Implicit null exception at 0x00000276f683c3bd to 0x00000276f683c441
Event: 1.546 Thread 0x00000276e68195e0 Implicit null exception at 0x00000276f69cb2bd to 0x00000276f69cb332
Event: 1.546 Thread 0x00000276e68195e0 Exception <a 'java/lang/NoSuchMethodError'{0x000000070ede3b70}: 'java.lang.Object java.lang.invoke.DirectMethodHandle$Holder.newInvokeSpecial(java.lang.Object, java.lang.Object, java.lang.Object, java.lang.Object, java.lang.Object, java.lang.Object, java.lang.Object)'> (0x000000070ede3b70) 
thrown [s\open\src\hotspot\share\interpreter\linkResolver.cpp, line 773]
Event: 1.571 Thread 0x00000276e68195e0 Implicit null exception at 0x00000276f69b10f3 to 0x00000276f69b18cc
Event: 1.575 Thread 0x00000276e68195e0 Exception <a 'java/lang/NoSuchMethodError'{0x000000070e8ced28}: 'int java.lang.invoke.DirectMethodHandle$Holder.invokeVirtual(java.lang.Object, java.lang.Object)'> (0x000000070e8ced28) 
thrown [s\open\src\hotspot\share\interpreter\linkResolver.cpp, line 773]
Event: 1.592 Thread 0x00000276e68195e0 Exception <a 'java/lang/NoSuchMethodError'{0x000000070e645518}: 'void java.lang.invoke.Invokers$Holder.invokeExact_MT(java.lang.Object, java.lang.Object, int, java.lang.Object)'> (0x000000070e645518) 
thrown [s\open\src\hotspot\share\interpreter\linkResolver.cpp, line 773]

ZGC Phase Switch (0 events):
No events

VM Operations (20 events):
Event: 0.802 Executing VM operation: HandshakeAllThreads (Deoptimize)
Event: 0.802 Executing VM operation: HandshakeAllThreads (Deoptimize) done
Event: 0.823 Executing VM operation: HandshakeAllThreads (Deoptimize)
Event: 0.823 Executing VM operation: HandshakeAllThreads (Deoptimize) done
Event: 0.841 Executing VM operation: HandshakeAllThreads (Deoptimize)
Event: 0.841 Executing VM operation: HandshakeAllThreads (Deoptimize) done
Event: 0.842 Executing VM operation: HandshakeAllThreads (Deoptimize)
Event: 0.842 Executing VM operation: HandshakeAllThreads (Deoptimize) done
Event: 0.909 Executing VM operation: ICBufferFull
Event: 0.909 Executing VM operation: ICBufferFull done
Event: 1.066 Executing VM operation: ICBufferFull
Event: 1.066 Executing VM operation: ICBufferFull done
Event: 1.225 Executing VM operation: ICBufferFull
Event: 1.225 Executing VM operation: ICBufferFull done
Event: 1.407 Executing VM operation: ICBufferFull
Event: 1.407 Executing VM operation: ICBufferFull done
Event: 1.557 Executing VM operation: ICBufferFull
Event: 1.557 Executing VM operation: ICBufferFull done
Event: 1.598 Executing VM operation: HandshakeAllThreads (Deoptimize)
Event: 1.598 Executing VM operation: HandshakeAllThreads (Deoptimize) done

Events (16 events):
Event: 0.014 Thread 0x00000276e68195e0 Thread added: 0x00000276e68195e0
Event: 0.022 Thread 0x00000276ffe22f10 Thread added: 0x00000276ffe22f10
Event: 0.022 Thread 0x00000276ffe23e30 Thread added: 0x00000276ffe23e30
Event: 0.022 Thread 0x00000276ffe25aa0 Thread added: 0x00000276ffe25aa0
Event: 0.022 Thread 0x00000276ffe29750 Thread added: 0x00000276ffe29750
Event: 0.022 Thread 0x00000276ffe2d5e0 Thread added: 0x00000276ffe2d5e0
Event: 0.022 Thread 0x00000276ffe2ffc0 Thread added: 0x00000276ffe2ffc0
Event: 0.022 Thread 0x00000276ffe38970 Thread added: 0x00000276ffe38970
Event: 0.022 Thread 0x00000276ffe3b030 Thread added: 0x00000276ffe3b030
Event: 0.031 Thread 0x00000276cb161b70 Thread added: 0x00000276cb161b70
Event: 0.033 Thread 0x00000276cb15d130 Thread added: 0x00000276cb15d130
Event: 0.104 Thread 0x00000276cb43ec70 Thread added: 0x00000276cb43ec70
Event: 0.109 Thread 0x00000276cb43ec70 Thread exited: 0x00000276cb43ec70
Event: 0.157 Thread 0x00000276cb5d18c0 Thread added: 0x00000276cb5d18c0
Event: 0.299 Thread 0x00000276cbc60ef0 Thread added: 0x00000276cbc60ef0
Event: 0.831 Thread 0x00000276cc173f20 Thread added: 0x00000276cc173f20


Dynamic libraries:
0x00007ff651330000 - 0x00007ff651340000 	C:\Program Files\Java\jdk-21\bin\java.exe
0x00007ff803ed0000 - 0x00007ff8040e8000 	C:\windows\SYSTEM32\ntdll.dll
0x00007ff802840000 - 0x00007ff802904000 	C:\windows\System32\KERNEL32.DLL
0x00007ff8016f0000 - 0x00007ff801ac3000 	C:\windows\System32\KERNELBASE.dll
0x00007ff801550000 - 0x00007ff801661000 	C:\windows\System32\ucrtbase.dll
0x00007ff8007b0000 - 0x00007ff8007c9000 	C:\Program Files\Java\jdk-21\bin\jli.dll
0x00007ff802420000 - 0x00007ff8024d1000 	C:\windows\System32\ADVAPI32.dll
0x00007ff802c80000 - 0x00007ff802d27000 	C:\windows\System32\msvcrt.dll
0x00007fffef380000 - 0x00007fffef39b000 	C:\Program Files\Java\jdk-21\bin\VCRUNTIME140.dll
0x00007ff802910000 - 0x00007ff8029b8000 	C:\windows\System32\sechost.dll
0x00007ff8012f0000 - 0x00007ff801318000 	C:\windows\System32\bcrypt.dll
0x00007ff803b10000 - 0x00007ff803c28000 	C:\windows\System32\RPCRT4.dll
0x00007ff803cd0000 - 0x00007ff803e82000 	C:\windows\System32\USER32.dll
0x00007ff801ad0000 - 0x00007ff801af6000 	C:\windows\System32\win32u.dll
0x00007ff802e00000 - 0x00007ff802e29000 	C:\windows\System32\GDI32.dll
0x00007ff800ff0000 - 0x00007ff80110b000 	C:\windows\System32\gdi32full.dll
0x00007ff801110000 - 0x00007ff8011aa000 	C:\windows\System32\msvcp_win.dll
0x00007ff8002d0000 - 0x00007ff80056c000 	C:\windows\WinSxS\amd64_microsoft.windows.common-controls_6595b64144ccf1df_6.0.22621.6060_none_2712eda17382d24b\COMCTL32.dll
0x00007ffff5c20000 - 0x00007ffff5c2a000 	C:\windows\SYSTEM32\VERSION.dll
0x00007ff8029c0000 - 0x00007ff8029f1000 	C:\windows\System32\IMM32.DLL
0x00007ffff7d90000 - 0x00007ffff7d9c000 	C:\Program Files\Java\jdk-21\bin\vcruntime140_1.dll
0x00007fffcf440000 - 0x00007fffcf4ce000 	C:\Program Files\Java\jdk-21\bin\msvcp140.dll
0x00007fff77450000 - 0x00007fff7816d000 	C:\Program Files\Java\jdk-21\bin\server\jvm.dll
0x00007ff8032c0000 - 0x00007ff803331000 	C:\windows\System32\WS2_32.dll
0x00007ff800ec0000 - 0x00007ff800f0d000 	C:\windows\SYSTEM32\POWRPROF.dll
0x00007ffff73e0000 - 0x00007ffff7414000 	C:\windows\SYSTEM32\WINMM.dll
0x00007ff800ea0000 - 0x00007ff800eb3000 	C:\windows\SYSTEM32\UMPDC.dll
0x00007fffff690000 - 0x00007fffff6a8000 	C:\windows\SYSTEM32\kernel.appcore.dll
0x00007ffff7c80000 - 0x00007ffff7c8a000 	C:\Program Files\Java\jdk-21\bin\jimage.dll
0x00007ff800860000 - 0x00007ff800a93000 	C:\windows\SYSTEM32\DBGHELP.DLL
0x00007ff803590000 - 0x00007ff803921000 	C:\windows\System32\combase.dll
0x00007ff802ba0000 - 0x00007ff802c78000 	C:\windows\System32\OLEAUT32.dll
0x00007ff800750000 - 0x00007ff800782000 	C:\windows\SYSTEM32\dbgcore.DLL
0x00007ff801b00000 - 0x00007ff801b7b000 	C:\windows\System32\bcryptPrimitives.dll
0x00007fffd7b40000 - 0x00007fffd7b5f000 	C:\Program Files\Java\jdk-21\bin\java.dll
0x00007ff801b80000 - 0x00007ff80241c000 	C:\windows\System32\SHELL32.dll
0x00007ff8011b0000 - 0x00007ff8012ef000 	C:\windows\System32\wintypes.dll
0x00007ffffe490000 - 0x00007ffffedaa000 	C:\windows\SYSTEM32\windows.storage.dll
0x00007ff803a00000 - 0x00007ff803b04000 	C:\windows\System32\SHCORE.dll
0x00007ff803990000 - 0x00007ff8039f9000 	C:\windows\System32\shlwapi.dll
0x00007ff800f20000 - 0x00007ff800f45000 	C:\windows\SYSTEM32\profapi.dll
0x00007fffcb290000 - 0x00007fffcb367000 	C:\Program Files\Java\jdk-21\bin\jsvml.dll
0x00007fffdc1c0000 - 0x00007fffdc1d0000 	C:\Program Files\Java\jdk-21\bin\net.dll
0x00007ffffa530000 - 0x00007ffffa65c000 	C:\windows\SYSTEM32\WINHTTP.dll
0x00007fffffbc0000 - 0x00007fffffc29000 	C:\windows\system32\mswsock.dll
0x00007fffd7b20000 - 0x00007fffd7b36000 	C:\Program Files\Java\jdk-21\bin\nio.dll
0x00007fffd7b00000 - 0x00007fffd7b18000 	C:\Program Files\Java\jdk-21\bin\zip.dll
0x00007fffd7810000 - 0x00007fffd7834000 	C:\Users\OS\.m2\wrapper\dists\apache-maven-3.9.12\59fe215c0ad6947fea90184bf7add084544567b927287592651fda3782e0e798\lib\jansi-native\Windows\x86_64\jansi.dll
0x00007ffff9e40000 - 0x00007ffff9e50000 	C:\Program Files\Java\jdk-21\bin\verify.dll

dbghelp: loaded successfully - version: 4.0.5 - missing functions: none
symbol engine: initialized successfully - sym options: 0x614 - pdb path: .;C:\Program Files\Java\jdk-21\bin;C:\windows\SYSTEM32;C:\windows\WinSxS\amd64_microsoft.windows.common-controls_6595b64144ccf1df_6.0.22621.6060_none_2712eda17382d24b;C:\Program Files\Java\jdk-21\bin\server;C:\Users\OS\.m2\wrapper\dists\apache-maven-3.9.12\59fe215c0ad6947fea90184bf7add084544567b927287592651fda3782e0e798\lib\jansi-native\Windows\x86_64

VM Arguments:
jvm_args: --enable-native-access=ALL-UNNAMED -Dclassworlds.conf=C:\Users\OS\.m2\wrapper\dists\apache-maven-3.9.12\59fe215c0ad6947fea90184bf7add084544567b927287592651fda3782e0e798\bin\m2.conf -Dmaven.home=C:\Users\OS\.m2\wrapper\dists\apache-maven-3.9.12\59fe215c0ad6947fea90184bf7add084544567b927287592651fda3782e0e798 -Dlibrary.jansi.path=C:\Users\OS\.m2\wrapper\dists\apache-maven-3.9.12\59fe215c0ad6947fea90184bf7add084544567b927287592651fda3782e0e798\lib\jansi-native -Dmaven.multiModuleProjectDirectory=C:\Users\OS\EcoparkBicycleParking 
java_command: org.codehaus.plexus.classworlds.launcher.Launcher clean spring-boot:run
java_class_path (initial): C:\Users\OS\.m2\wrapper\dists\apache-maven-3.9.12\59fe215c0ad6947fea90184bf7add084544567b927287592651fda3782e0e798\boot\plexus-classworlds-2.9.0.jar
Launcher Type: SUN_STANDARD

[Global flags]
     intx CICompilerCount                          = 4                                         {product} {ergonomic}
     uint ConcGCThreads                            = 3                                         {product} {ergonomic}
     uint G1ConcRefinementThreads                  = 10                                        {product} {ergonomic}
   size_t G1HeapRegionSize                         = 2097152                                   {product} {ergonomic}
    uintx GCDrainStackTargetSize                   = 64                                        {product} {ergonomic}
   size_t InitialHeapSize                          = 264241152                                 {product} {ergonomic}
   size_t MarkStackSize                            = 4194304                                   {product} {ergonomic}
   size_t MaxHeapSize                              = 4202692608                                {product} {ergonomic}
   size_t MaxNewSize                               = 2520776704                                {product} {ergonomic}
   size_t MinHeapDeltaBytes                        = 2097152                                   {product} {ergonomic}
   size_t MinHeapSize                              = 8388608                                   {product} {ergonomic}
    uintx NonNMethodCodeHeapSize                   = 5839372                                {pd product} {ergonomic}
    uintx NonProfiledCodeHeapSize                  = 122909434                              {pd product} {ergonomic}
    uintx ProfiledCodeHeapSize                     = 122909434                              {pd product} {ergonomic}
    uintx ReservedCodeCacheSize                    = 251658240                              {pd product} {ergonomic}
     bool SegmentedCodeCache                       = true                                      {product} {ergonomic}
   size_t SoftMaxHeapSize                          = 4202692608                             {manageable} {ergonomic}
     bool UseCompressedOops                        = true                           {product lp64_product} {ergonomic}
     bool UseG1GC                                  = true                                      {product} {ergonomic}
     bool UseLargePagesIndividualAllocation        = false                                  {pd product} {ergonomic}

Logging:
Log output configuration:
 #0: stdout all=warning uptime,level,tags foldmultilines=false
 #1: stderr all=off uptime,level,tags foldmultilines=false

Environment Variables:
JAVA_HOME=C:\Program Files\Java\jdk-21
PATH=C:\Program Files\Java\jdk-21\bin;C:\Program Files\Common Files\Oracle\Java\javapath;C:\Program Files (x86)\Common Files\Oracle\Java\java8path;C:\Program Files (x86)\Common Files\Oracle\Java\javapath;C:\Program Files\Eclipse Adoptium\jdk-17.0.12.7-hotspot\bin;C:\windows\system32;C:\windows;C:\windows\System32\Wbem;C:\windows\System32\WindowsPowerShell\v1.0\;C:\windows\System32\OpenSSH\;C:\Program Files\Git\cmd;C:\Program Files\Git\bin;C:\Program Files\Git\cmd;C:\Users\OS\Downloads\apache-maven-3.9.9-bin\apache-maven-3.9.9\bin;C:\Program Files\Cloudflare\Cloudflare WARP\;C:\Program Files\dotnet\;C:\Program Files (x86)\Windows Kits\10\Windows Performance Toolkit\;C:\Program Files\nodejs\;C:\Users\OS\AppData\Local\Programs\Python\Python312\Scripts\;C:\Users\OS\AppData\Local\Programs\Python\Python312\;C:\Users\OS\AppData\Local\Programs\Python\Launcher\;C:\Users\OS\AppData\Local\Microsoft\WindowsApps;C:\Users\OS\AppData\Local\Programs\Microsoft VS Code\bin;C:\Users\OS\AppData\Local\GitHubDesktop\bin;C:\Program Files\Git\cmd;C:\Program Files\Apache\maven\bin;C:\Users\OS\AppData\Roaming\npm
USERNAME=OS
OS=Windows_NT
PROCESSOR_IDENTIFIER=Intel64 Family 6 Model 186 Stepping 3, GenuineIntel
TMP=C:\Users\OS\AppData\Local\Temp
TEMP=C:\Users\OS\AppData\Local\Temp




Periodic native trim disabled

---------------  S Y S T E M  ---------------

OS:
 Windows 11 , 64 bit Build 22621 (10.0.22621.5415)
OS uptime: 0 days 0:34 hours

CPU: total 12 (initial active 12) (6 cores per cpu, 2 threads per core) family 6 model 186 stepping 3 microcode 0x4121, cx8, cmov, fxsr, ht, mmx, 3dnowpref, sse, sse2, sse3, ssse3, sse4.1, sse4.2, popcnt, lzcnt, tsc, tscinvbit, avx, avx2, aes, erms, clmul, bmi1, bmi2, adx, sha, fma, vzeroupper, clflush, clflushopt, clwb, serialize, rdtscp, rdpid, fsrm, f16c, pku, cet_ibt, cet_ss
Processor Information for processor 0
  Max Mhz: 1700, Current Mhz: 1700, Mhz Limit: 1700
Processor Information for processor 1
  Max Mhz: 1700, Current Mhz: 1700, Mhz Limit: 1700
Processor Information for processor 2
  Max Mhz: 1700, Current Mhz: 1700, Mhz Limit: 1700
Processor Information for processor 3
  Max Mhz: 1700, Current Mhz: 1700, Mhz Limit: 1700
Processor Information for processor 4
  Max Mhz: 1700, Current Mhz: 1200, Mhz Limit: 1190
Processor Information for processor 5
  Max Mhz: 1700, Current Mhz: 1200, Mhz Limit: 1190
Processor Information for processor 6
  Max Mhz: 1700, Current Mhz: 1200, Mhz Limit: 1190
Processor Information for processor 7
  Max Mhz: 1700, Current Mhz: 1200, Mhz Limit: 1190
Processor Information for processor 8
  Max Mhz: 1700, Current Mhz: 1200, Mhz Limit: 1190
Processor Information for processor 9
  Max Mhz: 1700, Current Mhz: 1200, Mhz Limit: 1190
Processor Information for processor 10
  Max Mhz: 1700, Current Mhz: 1200, Mhz Limit: 1190
Processor Information for processor 11
  Max Mhz: 1700, Current Mhz: 1200, Mhz Limit: 1190

Memory: 4k page, system-wide physical 16027M (7146M free)
TotalPageFile size 17051M (AvailPageFile size 6350M)
current process WorkingSet (physical memory assigned to process): 216M, peak: 216M
current process commit charge ("private bytes"): 400M, peak: 402M

vm_info: Java HotSpot(TM) 64-Bit Server VM (21.0.9+7-LTS-338) for windows-amd64 JRE (21.0.9+7-LTS-338), built on 2025-09-26T06:33:49Z by "mach5run" with MS VC++ 17.6 (VS2022)

END.
